
> innovatepam-portal@0.1.0 test
> vitest


[1m[44m DEV [49m[22m [34mv4.0.18 [39m[90mC:/Users/osman/OneDrive/Masa├╝st├╝/InnovatEPAM/frontend[39m

node.exe : [90mstderr[2m | src/test/IdeaForm.test.jsx[2m > [22m[2mIdeaForm
[2m > [22m[2mshould render the form with all fields
At C:\Program Files\nodejs\npm.ps1:29 char:3
+   & $NODE_EXE $NPM_CLI_JS $args
+   ~~~~~~~~~~~~~~~~~~~~~~~~~~~~~
    + CategoryInfo          : NotSpecified: ([90mstderr[2m...with all fields 
   :String) [], RemoteException
    + FullyQualifiedErrorId : NativeCommandError
 
[22m[39mÔÜá´©Å React Router Future Flag Warning: React Router will begin wrap
ping state updates in `React.startTransition` in v7. You can use the `v7_startT
ransition` future flag to opt-in early. For more information, see https://react
router.com/v6/upgrading/future#v7_starttransition.
ÔÜá´©Å React Router Future Flag Warning: Relative route resolution within Splat
 routes is changing in v7. You can use the `v7_relativeSplatPath` future flag t
o opt-in early. For more information, see https://reactrouter.com/v6/upgrading/
future#v7_relativesplatpath.

[90mstderr[2m | src/test/IdeaListing.test.jsx[2m > [22m[2mIdeaListing[2m 
> [22m[2mshould render the listing page with ideas
[22m[39mÔÜá´©Å React Router Future Flag Warning: React Router will begin wrap
ping state updates in `React.startTransition` in v7. You can use the `v7_startT
ransition` future flag to opt-in early. For more information, see https://react
router.com/v6/upgrading/future#v7_starttransition.
ÔÜá´©Å React Router Future Flag Warning: Relative route resolution within Splat
 routes is changing in v7. You can use the `v7_relativeSplatPath` future flag t
o opt-in early. For more information, see https://reactrouter.com/v6/upgrading/
future#v7_relativesplatpath.

[90mstderr[2m | src/pages/DashboardPage.test.jsx[2m > [22m[2mDashboardPage
 - Integration[2m > [22m[2mshould display dashboard content when authenticat
ed
[22m[39mÔÜá´©Å React Router Future Flag Warning: React Router will begin wrap
ping state updates in `React.startTransition` in v7. You can use the `v7_startT
ransition` future flag to opt-in early. For more information, see https://react
router.com/v6/upgrading/future#v7_starttransition.
ÔÜá´©Å React Router Future Flag Warning: Relative route resolution within Splat
 routes is changing in v7. You can use the `v7_relativeSplatPath` future flag t
o opt-in early. For more information, see https://reactrouter.com/v6/upgrading/
future#v7_relativesplatpath.

 [31mÔØ»[39m src/test/IdeaListing.test.jsx [2m([22m[2m19 tests[22m[2m | [22m[31m2 failed[39m[2m)[22m[33m 1395[2mms[22m[39m
     [32mÔ£ô[39m should render the listing page with ideas[32m 265[2mms[22m[39m
     [32mÔ£ô[39m should display idea cards with all required information[32m 53[2mms[22m[39m
     [32mÔ£ô[39m should show loading state initially[32m 17[2mms[22m[39m
[31m     [31m├ù[31m should filter ideas by status[39m[32m 73[2mms[22m[39m
[31m     [31m├ù[31m should filter ideas by category[39m[32m 47[2mms[22m[39m
     [32mÔ£ô[39m should display pagination controls[32m 51[2mms[22m[39m
     [33m[2mÔ£ô[22m[39m should navigate to next page [33m 399[2mms[22m[39m
     [32mÔ£ô[39m should disable previous button on first page[32m 44[2mms[22m[39m
     [32mÔ£ô[39m should disable next button on last page[32m 35[2mms[22m[39m
     [32mÔ£ô[39m should display attachment indicator for ideas with attachments[32m 27[2mms[22m[39m
     [32mÔ£ô[39m should display evaluation count[32m 22[2mms[22m[39m
     [32mÔ£ô[39m should navigate to idea detail on click[32m 165[2mms[22m[39m
     [32mÔ£ô[39m should show status badge with correct styling[32m 18[2mms[22m[39m
     [32mÔ£ô[39m should display empty state when no ideas found[32m 24[2mms[22m[39m
     [32mÔ£ô[39m should show error message on fetch failure[32m 19[2mms[22m[39m
     [32mÔ£ô[39m should update page size[32m 45[2mms[22m[39m
     [32mÔ£ô[39m should display formatted date[32m 27[2mms[22m[39m
     [32mÔ£ô[39m should show "My Ideas" filter option[32m 27[2mms[22m[39m
     [32mÔ£ô[39m should refresh ideas list[32m 25[2mms[22m[39m
 [32mÔ£ô[39m src/components/auth/LoginForm.test.jsx [2m([22m[2m9 tests[22m[2m)[22m[33m 2778[2mms[22m[39m
     [33m[2mÔ£ô[22m[39m should render form with email and password fields [33m 454[2mms[22m[39m
     [33m[2mÔ£ô[22m[39m should validate email field [33m 841[2mms[22m[39m
     [33m[2mÔ£ô[22m[39m should validate password field [33m 427[2mms[22m[39m
     [33m[2mÔ£ô[22m[39m should call onSubmit with form data when validation passes [33m 495[2mms[22m[39m
     [33m[2mÔ£ô[22m[39m should update input values as user types [33m 442[2mms[22m[39m
 [31mÔØ»[39m src/pages/DashboardPage.test.jsx [2m([22m[2m7 tests[22m[2m | [22m[31m5 failed[39m[2m)[22m[33m 2787[2mms[22m[39m
     [33m[2mÔ£ô[22m[39m should display dashboard content when authenticated [33m 565[2mms[22m[39m
[31m     [31m├ù[31m should display user role information[39m[32m 27[2mms[22m[39m
[31m     [31m├ù[31m should have logout functionality[39m[32m 135[2mms[22m[39m
     [32mÔ£ô[39m should redirect to login when token is invalid[32m 7[2mms[22m[39m
[31m     [31m├ù[31m should handle API errors gracefully[39m[33m 1013[2mms[22m[39m
[31m     [31m├ù[31m should display appropriate content for role[39m[32m 10[2mms[22m[39m
[31m     [31m├ù[31m should fetch user data on mount[39m[33m 1022[2mms[22m[39m
 [32mÔ£ô[39m src/components/auth/RegisterForm.test.jsx [2m([22m[2m8 tests[22m[2m)[22m[33m 3504[2mms[22m[39m
     [33m[2mÔ£ô[22m[39m should render form with email, password, and role fields [33m 515[2mms[22m[39m
     [33m[2mÔ£ô[22m[39m should validate email field [33m 942[2mms[22m[39m
     [33m[2mÔ£ô[22m[39m should validate password field [33m 730[2mms[22m[39m
     [33m[2mÔ£ô[22m[39m should call onSubmit with form data when validation passes [33m 530[2mms[22m[39m
     [33m[2mÔ£ô[22m[39m should update input values as user types [33m 636[2mms[22m[39m
 [31mÔØ»[39m src/test/ideaService.test.js [2m([22m[2m17 tests[22m[2m | [22m[31m1 failed[39m[2m)[22m[33m 5248[2mms[22m[39m
       [32mÔ£ô[39m should create idea without file[32m 69[2mms[22m[39m
       [32mÔ£ô[39m should create idea with PDF file[32m 20[2mms[22m[39m
       [32mÔ£ô[39m should create idea with PNG file[32m 14[2mms[22m[39m
       [32mÔ£ô[39m should fetch all ideas with default pagination[32m 10[2mms[22m[39m
       [32mÔ£ô[39m should fetch ideas with custom pagination[32m 7[2mms[22m[39m
       [32mÔ£ô[39m should filter ideas by status[32m 8[2mms[22m[39m
       [32mÔ£ô[39m should filter ideas by category[32m 10[2mms[22m[39m
       [32mÔ£ô[39m should fetch idea by ID[32m 12[2mms[22m[39m
       [32mÔ£ô[39m should include attachment info[32m 12[2mms[22m[39m
       [32mÔ£ô[39m should include evaluation history[32m 11[2mms[22m[39m
       [32mÔ£ô[39m should throw error for non-existent idea[32m 15[2mms[22m[39m
       [32mÔ£ô[39m should update idea status from SUBMITTED to UNDER_REVIEW[32m 8[2mms[22m[39m
       [32mÔ£ô[39m should add comment to idea[32m 9[2mms[22m[39m
       [32mÔ£ô[39m should add comment without status change[32m 6[2mms[22m[39m
[31m       [31m├ù[31m should download attachment[39m[33m 5007[2mms[22m[39m
       [32mÔ£ô[39m should handle network errors gracefully[32m 10[2mms[22m[39m
       [32mÔ£ô[39m should handle validation errors[32m 7[2mms[22m[39m
[90mstderr[2m | src/pages/RegisterPage.test.jsx[2m > [22m[2mRegisterPage -
 Integration[2m > [22m[2mshould display register form
[22m[39mÔÜá´©Å React Router Future Flag Warning: React Router will begin wrap
ping state updates in `React.startTransition` in v7. You can use the `v7_startT
ransition` future flag to opt-in early. For more information, see https://react
router.com/v6/upgrading/future#v7_starttransition.
ÔÜá´©Å React Router Future Flag Warning: Relative route resolution within Splat
 routes is changing in v7. You can use the `v7_relativeSplatPath` future flag t
o opt-in early. For more information, see https://reactrouter.com/v6/upgrading/
future#v7_relativesplatpath.

 [32mÔ£ô[39m src/test/IdeaForm.test.jsx [2m([22m[2m15 tests[22m[2m)[22m[33m 6933[2mms[22m[39m
     [33m[2mÔ£ô[22m[39m should show validation errors for empty required fields [33m 490[2mms[22m[39m
     [33m[2mÔ£ô[22m[39m should accept valid title input [33m 326[2mms[22m[39m
     [33m[2mÔ£ô[22m[39m should accept valid description input [33m 389[2mms[22m[39m
     [33m[2mÔ£ô[22m[39m should submit form with valid data [33m 832[2mms[22m[39m
     [33m[2mÔ£ô[22m[39m should submit form with file attachment [33m 970[2mms[22m[39m
     [33m[2mÔ£ô[22m[39m should show success message after successful submission [33m 788[2mms[22m[39m
     [33m[2mÔ£ô[22m[39m should clear form after successful submission [33m 746[2mms[22m[39m
     [33m[2mÔ£ô[22m[39m should show error message on submission failure [33m 959[2mms[22m[39m
     [33m[2mÔ£ô[22m[39m should disable submit button while submitting [33m 1006[2mms[22m[39m
[90mstderr[2m | src/pages/LoginPage.test.jsx[2m > [22m[2mLoginPage - Integ
ration[2m > [22m[2mshould display login form
[22m[39mÔÜá´©Å React Router Future Flag Warning: React Router will begin wrap
ping state updates in `React.startTransition` in v7. You can use the `v7_startT
ransition` future flag to opt-in early. For more information, see https://react
router.com/v6/upgrading/future#v7_starttransition.
ÔÜá´©Å React Router Future Flag Warning: Relative route resolution within Splat
 routes is changing in v7. You can use the `v7_relativeSplatPath` future flag t
o opt-in early. For more information, see https://reactrouter.com/v6/upgrading/
future#v7_relativesplatpath.

 [32mÔ£ô[39m src/test/ideaService.integration.test.js [2m([22m[2m7 tests[22m[2m)[22m[32m 155[2mms[22m[39m
 [32mÔ£ô[39m src/components/auth/RoleSelector.test.jsx [2m([22m[2m8 tests[22m[2m)[22m[33m 1258[2mms[22m[39m
     [33m[2mÔ£ô[22m[39m should render role selector with default empty option [33m 441[2mms[22m[39m
 [32mÔ£ô[39m src/pages/RegisterPage.test.jsx [2m([22m[2m5 tests[22m[2m)[22m[33m 2858[2mms[22m[39m
     [33m[2mÔ£ô[22m[39m should display register form [33m 504[2mms[22m[39m
     [33m[2mÔ£ô[22m[39m should submit register form with valid data [33m 1338[2mms[22m[39m
     [33m[2mÔ£ô[22m[39m should show loading state during registration [33m 884[2mms[22m[39m
 [32mÔ£ô[39m src/pages/LoginPage.test.jsx [2m([22m[2m6 tests[22m[2m)[22m[33m 2413[2mms[22m[39m
     [33m[2mÔ£ô[22m[39m should display login form [33m 593[2mms[22m[39m
     [33m[2mÔ£ô[22m[39m should submit login form with valid credentials [33m 735[2mms[22m[39m
     [33m[2mÔ£ô[22m[39m should show loading state during login [33m 723[2mms[22m[39m
     [33m[2mÔ£ô[22m[39m should validate email field [33m 323[2mms[22m[39m
[90mstderr[2m | src/components/ProtectedRoute.test.jsx[2m > [22m[2mProtect
edRoute[2m > [22m[2mshould render protected component when user is authentic
ated
[22m[39mÔÜá´©Å React Router Future Flag Warning: React Router will begin wrap
ping state updates in `React.startTransition` in v7. You can use the `v7_startT
ransition` future flag to opt-in early. For more information, see https://react
router.com/v6/upgrading/future#v7_starttransition.
ÔÜá´©Å React Router Future Flag Warning: Relative route resolution within Splat
 routes is changing in v7. You can use the `v7_relativeSplatPath` future flag t
o opt-in early. For more information, see https://reactrouter.com/v6/upgrading/
future#v7_relativesplatpath.

 [32mÔ£ô[39m src/components/ProtectedRoute.test.jsx [2m([22m[2m3 tests[22m[2m)[22m[32m 95[2mms[22m[39m
 [32mÔ£ô[39m src/test/authAPI.integration.test.js [2m([22m[2m13 tests[22m[2m)[22m[32m 95[2mms[22m[39m
Error: useAuth must be used within AuthProvider
    at Module.useAuth (C:/Users/osman/OneDrive/Masa├╝st├╝/InnovatEPAM/frontend/
src/hooks/useAuth.js:7:11)
    at C:/Users/osman/OneDrive/Masa├╝st├╝/InnovatEPAM/frontend/src/context/Auth
Context.test.jsx:20:24
    at TestComponent (C:\Users\osman\OneDrive\Masa├╝st├╝\InnovatEPAM\frontend\n
ode_modules\@testing-library\react\dist\pure.js:330:27)
    at renderWithHooks (C:\Users\osman\OneDrive\Masa├╝st├╝\InnovatEPAM\frontend
\node_modules\react-dom\cjs\react-dom.development.js:15486:18)
    at mountIndeterminateComponent (C:\Users\osman\OneDrive\Masa├╝st├╝\InnovatE
PAM\frontend\node_modules\react-dom\cjs\react-dom.development.js:20103:13)
    at beginWork (C:\Users\osman\OneDrive\Masa├╝st├╝\InnovatEPAM\frontend\node_
modules\react-dom\cjs\react-dom.development.js:21626:16)
    at HTMLUnknownElement.callCallback (C:\Users\osman\OneDrive\Masa├╝st├╝\Inno
vatEPAM\frontend\node_modules\react-dom\cjs\react-dom.development.js:4164:14)
    at HTMLUnknownElement.callTheUserObjectsOperation (C:\Users\osman\OneDrive\
Masa├╝st├╝\InnovatEPAM\frontend\node_modules\jsdom\lib\generated\idl\EventListe
ner.js:26:30)
    at innerInvokeEventListeners (C:\Users\osman\OneDrive\Masa├╝st├╝\InnovatEPA
M\frontend\node_modules\jsdom\lib\jsdom\living\events\EventTarget-impl.js:360:1
6)
    at invokeEventListeners (C:\Users\osman\OneDrive\Masa├╝st├╝\InnovatEPAM\fro
ntend\node_modules\jsdom\lib\jsdom\living\events\EventTarget-impl.js:296:3)
Error: useAuth must be used within AuthProvider
    at Module.useAuth (C:/Users/osman/OneDrive/Masa├╝st├╝/InnovatEPAM/frontend/
src/hooks/useAuth.js:7:11)
    at C:/Users/osman/OneDrive/Masa├╝st├╝/InnovatEPAM/frontend/src/context/Auth
Context.test.jsx:20:24
    at TestComponent (C:\Users\osman\OneDrive\Masa├╝st├╝\InnovatEPAM\frontend\n
ode_modules\@testing-library\react\dist\pure.js:330:27)
    at renderWithHooks (C:\Users\osman\OneDrive\Masa├╝st├╝\InnovatEPAM\frontend
\node_modules\react-dom\cjs\react-dom.development.js:15486:18)
    at mountIndeterminateComponent (C:\Users\osman\OneDrive\Masa├╝st├╝\InnovatE
PAM\frontend\node_modules\react-dom\cjs\react-dom.development.js:20103:13)
    at beginWork (C:\Users\osman\OneDrive\Masa├╝st├╝\InnovatEPAM\frontend\node_
modules\react-dom\cjs\react-dom.development.js:21626:16)
    at HTMLUnknownElement.callCallback (C:\Users\osman\OneDrive\Masa├╝st├╝\Inno
vatEPAM\frontend\node_modules\react-dom\cjs\react-dom.development.js:4164:14)
    at HTMLUnknownElement.callTheUserObjectsOperation (C:\Users\osman\OneDrive\
Masa├╝st├╝\InnovatEPAM\frontend\node_modules\jsdom\lib\generated\idl\EventListe
ner.js:26:30)
    at innerInvokeEventListeners (C:\Users\osman\OneDrive\Masa├╝st├╝\InnovatEPA
M\frontend\node_modules\jsdom\lib\jsdom\living\events\EventTarget-impl.js:360:1
6)
    at invokeEventListeners (C:\Users\osman\OneDrive\Masa├╝st├╝\InnovatEPAM\fro
ntend\node_modules\jsdom\lib\jsdom\living\events\EventTarget-impl.js:296:3)
[90mstderr[2m | src/context/AuthContext.test.jsx[2m > [22m[2mAuthContext a
nd useAuth[2m > [22m[2mshould throw error when useAuth is used outside AuthP
rovider
[22m[39mThe above error occurred in the <TestComponent> component:

    at TestComponent (C:\Users\osman\OneDrive\Masa├╝st├╝\InnovatEPAM\frontend\n
ode_modules\@testing-library\react\dist\pure.js:328:5)

Consider adding an error boundary to your tree to customize error handling beha
vior.
Visit https://reactjs.org/link/error-boundaries to learn more about error bound
aries.

 [32mÔ£ô[39m src/context/AuthContext.test.jsx [2m([22m[2m8 tests[22m[2m)[22m[32m 85[2mms[22m[39m
Error: useAuth must be used within AuthProvider
    at useAuth (C:/Users/osman/OneDrive/Masa├╝st├╝/InnovatEPAM/frontend/src/hoo
ks/useAuth.js:7:11)
    at C:/Users/osman/OneDrive/Masa├╝st├╝/InnovatEPAM/frontend/src/hooks/useAut
h.test.js:10:31
    at TestComponent (C:\Users\osman\OneDrive\Masa├╝st├╝\InnovatEPAM\frontend\n
ode_modules\@testing-library\react\dist\pure.js:330:27)
    at renderWithHooks (C:\Users\osman\OneDrive\Masa├╝st├╝\InnovatEPAM\frontend
\node_modules\react-dom\cjs\react-dom.development.js:15486:18)
    at mountIndeterminateComponent (C:\Users\osman\OneDrive\Masa├╝st├╝\InnovatE
PAM\frontend\node_modules\react-dom\cjs\react-dom.development.js:20103:13)
    at beginWork (C:\Users\osman\OneDrive\Masa├╝st├╝\InnovatEPAM\frontend\node_
modules\react-dom\cjs\react-dom.development.js:21626:16)
    at HTMLUnknownElement.callCallback (C:\Users\osman\OneDrive\Masa├╝st├╝\Inno
vatEPAM\frontend\node_modules\react-dom\cjs\react-dom.development.js:4164:14)
    at HTMLUnknownElement.callTheUserObjectsOperation (C:\Users\osman\OneDrive\
Masa├╝st├╝\InnovatEPAM\frontend\node_modules\jsdom\lib\generated\idl\EventListe
ner.js:26:30)
    at innerInvokeEventListeners (C:\Users\osman\OneDrive\Masa├╝st├╝\InnovatEPA
M\frontend\node_modules\jsdom\lib\jsdom\living\events\EventTarget-impl.js:360:1
6)
    at invokeEventListeners (C:\Users\osman\OneDrive\Masa├╝st├╝\InnovatEPAM\fro
ntend\node_modules\jsdom\lib\jsdom\living\events\EventTarget-impl.js:296:3)
Error: useAuth must be used within AuthProvider
    at useAuth (C:/Users/osman/OneDrive/Masa├╝st├╝/InnovatEPAM/frontend/src/hoo
ks/useAuth.js:7:11)
    at C:/Users/osman/OneDrive/Masa├╝st├╝/InnovatEPAM/frontend/src/hooks/useAut
h.test.js:10:31
    at TestComponent (C:\Users\osman\OneDrive\Masa├╝st├╝\InnovatEPAM\frontend\n
ode_modules\@testing-library\react\dist\pure.js:330:27)
    at renderWithHooks (C:\Users\osman\OneDrive\Masa├╝st├╝\InnovatEPAM\frontend
\node_modules\react-dom\cjs\react-dom.development.js:15486:18)
    at mountIndeterminateComponent (C:\Users\osman\OneDrive\Masa├╝st├╝\InnovatE
PAM\frontend\node_modules\react-dom\cjs\react-dom.development.js:20103:13)
    at beginWork (C:\Users\osman\OneDrive\Masa├╝st├╝\InnovatEPAM\frontend\node_
modules\react-dom\cjs\react-dom.development.js:21626:16)
    at HTMLUnknownElement.callCallback (C:\Users\osman\OneDrive\Masa├╝st├╝\Inno
vatEPAM\frontend\node_modules\react-dom\cjs\react-dom.development.js:4164:14)
    at HTMLUnknownElement.callTheUserObjectsOperation (C:\Users\osman\OneDrive\
Masa├╝st├╝\InnovatEPAM\frontend\node_modules\jsdom\lib\generated\idl\EventListe
ner.js:26:30)
    at innerInvokeEventListeners (C:\Users\osman\OneDrive\Masa├╝st├╝\InnovatEPA
M\frontend\node_modules\jsdom\lib\jsdom\living\events\EventTarget-impl.js:360:1
6)
    at invokeEventListeners (C:\Users\osman\OneDrive\Masa├╝st├╝\InnovatEPAM\fro
ntend\node_modules\jsdom\lib\jsdom\living\events\EventTarget-impl.js:296:3)
[90mstderr[2m | src/hooks/useAuth.test.js[2m > [22m[2museAuth hook[2m > 
[22m[2mshould throw error when used outside AuthProvider
[22m[39mThe above error occurred in the <TestComponent> component:

    at TestComponent (C:\Users\osman\OneDrive\Masa├╝st├╝\InnovatEPAM\frontend\n
ode_modules\@testing-library\react\dist\pure.js:328:5)

Consider adding an error boundary to your tree to customize error handling beha
vior.
Visit https://reactjs.org/link/error-boundaries to learn more about error bound
aries.

 [32mÔ£ô[39m src/hooks/useAuth.test.js [2m([22m[2m3 tests[22m[2m)[22m[32m 58[2mms[22m[39m
 [32mÔ£ô[39m src/utils/tokenStorage.test.js [2m([22m[2m9 tests[22m[2m)[22m[32m 19[2mms[22m[39m
 [32mÔ£ô[39m src/utils/validators.test.js [2m([22m[2m13 tests[22m[2m)[22m[32m 18[2mms[22m[39m
 [32mÔ£ô[39m src/services/api.test.js [2m([22m[2m3 tests[22m[2m)[22m[32m 11[2mms[22m[39m

[31mÔÄ»ÔÄ»ÔÄ»ÔÄ»ÔÄ»ÔÄ»ÔÄ»[39m[1m[41m Failed Tests 8 [49m[22m[31mÔÄ»ÔÄ»ÔÄ
»ÔÄ»ÔÄ»ÔÄ»ÔÄ»[39m

[41m[1m FAIL [22m[49m src/pages/DashboardPage.test.jsx[2m > [22mDashboard
Page - Integration[2m > [22mshould display user role information
[31m[1mTestingLibraryElementError[22m[39m: Found multiple elements with the
 text: /dashboard|ideas|summary|welcome/i

Here are the matching elements:

Ignored nodes: comments, script, style
[36m<h2[39m
  [33mclass[39m=[32m"text-2xl font-bold text-slate-900"[39m
[36m>[39m
  [0mDashboard[0m
[36m</h2>[39m

Ignored nodes: comments, script, style
[36m<p[39m
  [33mclass[39m=[32m"mt-1 text-slate-600"[39m
[36m>[39m
  [0mWelcome to InnovatEPAM Portal[0m
[36m</p>[39m

Ignored nodes: comments, script, style
[36m<h4[39m
  [33mclass[39m=[32m"mt-3 font-semibold text-slate-900"[39m
[36m>[39m
  [0mBrowse Ideas[0m
[36m</h4>[39m

Ignored nodes: comments, script, style
[36m<p[39m
  [33mclass[39m=[32m"mt-1 text-sm text-slate-600"[39m
[36m>[39m
  [0mView all submitted ideas and track their status[0m
[36m</p>[39m

Ignored nodes: comments, script, style
[36m<h4[39m
  [33mclass[39m=[32m"mt-3 font-semibold text-slate-900"[39m
[36m>[39m
  [0mEvaluate Ideas[0m
[36m</h4>[39m

Ignored nodes: comments, script, style
[36m<p[39m
  [33mclass[39m=[32m"mt-1 text-sm text-slate-600"[39m
[36m>[39m
  [0mReview and provide feedback on submitted ideas[0m
[36m</p>[39m

(If this is intentional, then use the `*AllBy*` variant of the query (like `que
ryAllByText`, `getAllByText`, or `findAllByText`)).

Ignored nodes: comments, script, style
[36m<body>[39m
  [36m<div>[39m
    [36m<div[39m
      [33mclass[39m=[32m"mx-auto max-w-5xl space-y-6"[39m
    [36m>[39m
      [36m<div>[39m
        [36m<h2[39m
          [33mclass[39m=[32m"text-2xl font-bold text-slate-900"[39m
        [36m>[39m
          [0mDashboard[0m
        [36m</h2>[39m
        [36m<p[39m
          [33mclass[39m=[32m"mt-1 text-slate-600"[39m
        [36m>[39m
          [0mWelcome to InnovatEPAM Portal[0m
        [36m</p>[39m
      [36m</div>[39m
      [36m<div[39m
        [33mclass[39m=[32m"rounded-xl border border-slate-200 bg-white p-6 s
hadow-sm"[39m
      [36m>[39m
        [36m<h3[39m
          [33mclass[39m=[32m"text-lg font-semibold text-slate-900"[39m
        [36m>[39m
          [0mYour Profile[0m
        [36m</h3>[39m
        [36m<div[39m
          [33mclass[39m=[32m"mt-4 grid grid-cols-2 gap-4"[39m
        [36m>[39m
          [36m<div>[39m
            [36m<p[39m
              [33mclass[39m=[32m"text-sm font-medium text-slate-500"[39m
            [36m>[39m
              [0mEmail[0m
            [36m</p>[39m
            [36m<p[39m
              [33mclass[39m=[32m"mt-1 text-slate-900"[39m
            [36m>[39m
              [0mtest@example.com[0m
            [36m</p>[39m
          [36m</div>[39m
          [36m<div>[39m
            [36m<p[39m
              [33mclass[39m=[32m"text-sm font-medium text-slate-500"[39m
            [36m>[39m
              [0mRole[0m
            [36m</p>[39m
            [36m<p[39m
              [33mclass[39m=[32m"mt-1 capitalize text-slate-900"[39m
            [36m>[39m
              [0mevaluator[0m
            [36m</p>[39m
          [36m</div>[39m
        [36m</div>[39m
      [36m</div>[39m
      [36m<div>[39m
        [36m<h3[39m
          [33mclass[39m=[32m"text-lg font-semibold text-slate-900"[39m
        [36m>[39m
          [0mQuick Actions[0m
        [36m</h3>[39m
        [36m<div[39m
          [33mclass[39m=[32m"mt-4 grid grid-cols-1 gap-4 md:grid-cols-3"[39
m
        [36m>[39m
          [36m<button[39m
            [33mclass[39m=[32m"rounded-xl border border-slate-200 bg-white p
-6 text-left shadow-sm transition-all hover:border-blue-300 hover:shadow-md"[3
9m
          [36m>[39m
            [36m<div[39m
              [33mclass[39m=[32m"text-3xl"[39m
            [36m>[39m
              [0m­şÆí[0m
            [36m</div>[39m
            [36m<h4[39m
              [33mclass[39m=[32m"mt-3 font-semibold text-slate-900"[39m
            [36m>[39m
              [0mBrowse Ideas[0m
            [36m</h4>[39m
            [36m<p[39m
              [33mclass[39m=[32m"mt-1 text-sm text-slate-600"[39m
            [36m>[39m
              [0mView all submitted ideas and track their status[0m
            [36m</p>[39m
          [36m</button>[39m
          [36m<button[39m
            [33mclass[39m=[32m"rounded-xl border border-slate-200 bg-white p
-6 text-left shadow-sm transition-all hover:border-blue-300 hover:shadow-md"[3
9m
          [36m>[39m
            [36m<div[39m
              [33mclass[39m=[32m"text-3xl"[39m
            [36m>[39m
              [0mÔ£à[0m
            [36m</div>[39m
            [36m<h4[39m
              [33mclass[39m=[32m"mt-3 font-semibold text-slate-900"[39m
            [36m>[39m
              [0mEvaluate Ideas[0m
            [36m</h4>[39m
            [36m<p[39m
              [33mclass[39m=[32m"mt-1 text-sm text-slate-600"[39m
            [36m>[39m
              [0mReview and provide feedback on submitted ideas[0m
            [36m</p>[39m
          [36m</button>[39m
        [36m</div>[39m
      [36m</div>[39m
    [36m</div>[39m
  [36m</div>[39m
[36m</body>[39m
[90m [2mÔØ»[22m Object.getElementError node_modules/@testing-library/dom/dis
t/config.js:[2m37:19[22m[39m
[90m [2mÔØ»[22m getElementError node_modules/@testing-library/dom/dist/query
-helpers.js:[2m20:35[22m[39m
[90m [2mÔØ»[22m getMultipleElementsFoundError node_modules/@testing-library/
dom/dist/query-helpers.js:[2m23:10[22m[39m
[90m [2mÔØ»[22m node_modules/@testing-library/dom/dist/query-helpers.js:[2m
55:13[22m[39m
[90m [2mÔØ»[22m node_modules/@testing-library/dom/dist/query-helpers.js:[2m
95:19[22m[39m
[36m [2mÔØ»[22m src/pages/DashboardPage.test.jsx:[2m50:19[22m[39m
    [90m 48| [39m
    [90m 49| [39m    [90m// Dashboard should display or render content[39m
    [90m 50| [39m    expect(screen.getByText(/dashboard|ideas|summary|welcome
/i)).toBeIÔÇĞ
    [90m   | [39m                  [31m^[39m
    [90m 51| [39m  })[33m;[39m
    [90m 52| [39m

[31m[2mÔÄ»ÔÄ»ÔÄ»ÔÄ»ÔÄ»ÔÄ»ÔÄ»ÔÄ»ÔÄ»ÔÄ»ÔÄ»ÔÄ»ÔÄ»ÔÄ»ÔÄ»ÔÄ»ÔÄ»ÔÄ»ÔÄ»ÔÄ»ÔÄ»ÔÄ»ÔÄ»Ô
Ä»[1/8]ÔÄ»[22m[39m

[41m[1m FAIL [22m[49m src/pages/DashboardPage.test.jsx[2m > [22mDashboard
Page - Integration[2m > [22mshould have logout functionality
[31m[1mTestingLibraryElementError[22m: Found multiple elements with the text
: /dashboard|ideas|summary/i

Here are the matching elements:

Ignored nodes: comments, script, style
[36m<h2[31m
  [33mclass[31m=[32m"text-2xl font-bold text-slate-900"[31m
[36m>[31m
  [0mDashboard[0m
[36m</h2>[31m

Ignored nodes: comments, script, style
[36m<h4[31m
  [33mclass[31m=[32m"mt-3 font-semibold text-slate-900"[31m
[36m>[31m
  [0mBrowse Ideas[0m
[36m</h4>[31m

Ignored nodes: comments, script, style
[36m<p[31m
  [33mclass[31m=[32m"mt-1 text-sm text-slate-600"[31m
[36m>[31m
  [0mView all submitted ideas and track their status[0m
[36m</p>[31m

Ignored nodes: comments, script, style
[36m<h4[31m
  [33mclass[31m=[32m"mt-3 font-semibold text-slate-900"[31m
[36m>[31m
  [0mEvaluate Ideas[0m
[36m</h4>[31m

Ignored nodes: comments, script, style
[36m<p[31m
  [33mclass[31m=[32m"mt-1 text-sm text-slate-600"[31m
[36m>[31m
  [0mReview and provide feedback on submitted ideas[0m
[36m</p>[31m

(If this is intentional, then use the `*AllBy*` variant of the query (like `que
ryAllByText`, `getAllByText`, or `findAllByText`)).

Ignored nodes: comments, script, style
[36m<body>[31m
  [36m<div>[31m
    [36m<div[31m
      [33mclass[31m=[32m"mx-auto max-w-5xl space-y-6"[31m
    [36m>[31m
      [36m<div>[31m
        [36m<h2[31m
          [33mclass[31m=[32m"text-2xl font-bold text-slate-900"[31m
        [36m>[31m
          [0mDashboard[0m
        [36m</h2>[31m
        [36m<p[31m
          [33mclass[31m=[32m"mt-1 text-slate-600"[31m
        [36m>[31m
          [0mWelcome to InnovatEPAM Portal[0m
        [36m</p>[31m
      [36m</div>[31m
      [36m<div[31m
        [33mclass[31m=[32m"rounded-xl border border-slate-200 bg-white p-6 s
hadow-sm"[31m
      [36m>[31m
        [36m<h3[31m
          [33mclass[31m=[32m"text-lg font-semibold text-slate-900"[31m
        [36m>[31m
          [0mYour Profile[0m
        [36m</h3>[31m
        [36m<div[31m
          [33mclass[31m=[32m"mt-4 grid grid-cols-2 gap-4"[31m
        [36m>[31m
          [36m<div>[31m
            [36m<p[31m
              [33mclass[31m=[32m"text-sm font-medium text-slate-500"[31m
            [36m>[31m
              [0mEmail[0m
            [36m</p>[31m
            [36m<p[31m
              [33mclass[31m=[32m"mt-1 text-slate-900"[31m
            [36m>[31m
              [0mtest@example.com[0m
            [36m</p>[31m
          [36m</div>[31m
          [36m<div>[31m
            [36m<p[31m
              [33mclass[31m=[32m"text-sm font-medium text-slate-500"[31m
            [36m>[31m
              [0mRole[0m
            [36m</p>[31m
            [36m<p[31m
              [33mclass[31m=[32m"mt-1 capitalize text-slate-900"[31m
            [36m>[31m
              [0mevaluator[0m
            [36m</p>[31m
          [36m</div>[31m
        [36m</div>[31m
      [36m</div>[31m
      [36m<div>[31m
        [36m<h3[31m
          [33mclass[31m=[32m"text-lg font-semibold text-slate-900"[31m
        [36m>[31m
          [0mQuick Actions[0m
        [36m</h3>[31m
        [36m<div[31m
          [33mclass[31m=[32m"mt-4 grid grid-cols-1 gap-4 md:grid-cols-3"[31
m
        [36m>[31m
          [36m<button[31m
            [33mclass[31m=[32m"rounded-xl border border-slate-200 bg-white p
-6 text-left shadow-sm transition-all hover:border-blue-300 hover:shadow-md"[3
1m
          [36m>[31m
            [36m<div[31m
              [33mclass[31m=[32m"text-3xl"[31m
            [36m>[31m
              [0m­şÆí[0m
            [36m</div>[31m
            [36m<h4[31m
              [33mclass[31m=[32m"mt-3 font-semibold text-slate-900"[31m
            [36m>[31m
              [0mBrowse Ideas[0m
            [36m</h4>[31m
            [36m<p[31m
              [33mclass[31m=[32m"mt-1 text-sm text-slate-600"[31m
            [36m>[31m
              [0mView all submitted ideas and track their status[0m
            [36m</p>[31m
          [36m</button>[31m
          [36m<button[31m
            [33mclass[31m=[32m"rounded-xl border border-slate-200 bg-white p
-6 text-left shadow-sm transition-all hover:border-blue-300 hover:shadow-md"[3
1m
          [36m>[31m
            [36m<div[31m
              [33mclass[31m=[32m"text-3xl"[31m
            [36m>[31m
              [0mÔ£à[0m
            [36m</div>[31m
            [36m<h4[31m
              [33mclass[31m=[32m"mt-3 font-semibold text-slate-900"[31m
            [36m>[31m
              [0mEvaluate Ideas[0m
            [36m</h4>[31m
            [36m<p[31m
              [33mclass[31m=[32m"mt-1 text-sm text-slate-600"[31m
            [36m>[31m
              [0mReview and provide feedback on submitted ideas[0m
            [36m</p>[31m
          [36m</button>[31m
        [36m</div>[31m
      [36m</div>[31m
    [36m</div>[31m
  [36m</div>[31m
[36m</body>[31m[39m
[90m [2mÔØ»[22m Object.getElementError node_modules/@testing-library/dom/dis
t/config.js:[2m37:19[22m[39m
[90m [2mÔØ»[22m getElementError node_modules/@testing-library/dom/dist/query
-helpers.js:[2m20:35[22m[39m
[90m [2mÔØ»[22m getMultipleElementsFoundError node_modules/@testing-library/
dom/dist/query-helpers.js:[2m23:10[22m[39m
[90m [2mÔØ»[22m node_modules/@testing-library/dom/dist/query-helpers.js:[2m
55:13[22m[39m
[90m [2mÔØ»[22m node_modules/@testing-library/dom/dist/query-helpers.js:[2m
95:19[22m[39m
[36m [2mÔØ»[22m src/pages/DashboardPage.test.jsx:[2m60:19[22m[39m
    [90m 58| [39m    
    [90m 59| [39m    [90m// Verify dashboard loaded first[39m
    [90m 60| [39m    expect(screen.getByText(/dashboard|ideas|summary/i)).toB
eInTheDocuÔÇĞ
    [90m   | [39m                  [31m^[39m
    [90m 61| [39m  })[33m;[39m
    [90m 62| [39m

[31m[2mÔÄ»ÔÄ»ÔÄ»ÔÄ»ÔÄ»ÔÄ»ÔÄ»ÔÄ»ÔÄ»ÔÄ»ÔÄ»ÔÄ»ÔÄ»ÔÄ»ÔÄ»ÔÄ»ÔÄ»ÔÄ»ÔÄ»ÔÄ»ÔÄ»ÔÄ»ÔÄ»Ô
Ä»[2/8]ÔÄ»[22m[39m

[41m[1m FAIL [22m[49m src/pages/DashboardPage.test.jsx[2m > [22mDashboard
Page - Integration[2m > [22mshould handle API errors gracefully
[31m[1mTestingLibraryElementError[22m[39m: Found multiple elements with the
 text: /dashboard|ideas|summary|welcome/i

Here are the matching elements:

Ignored nodes: comments, script, style
[36m<h2[39m
  [33mclass[39m=[32m"text-2xl font-bold text-slate-900"[39m
[36m>[39m
  [0mDashboard[0m
[36m</h2>[39m

Ignored nodes: comments, script, style
[36m<p[39m
  [33mclass[39m=[32m"mt-1 text-slate-600"[39m
[36m>[39m
  [0mWelcome to InnovatEPAM Portal[0m
[36m</p>[39m

Ignored nodes: comments, script, style
[36m<h4[39m
  [33mclass[39m=[32m"mt-3 font-semibold text-slate-900"[39m
[36m>[39m
  [0mBrowse Ideas[0m
[36m</h4>[39m

Ignored nodes: comments, script, style
[36m<p[39m
  [33mclass[39m=[32m"mt-1 text-sm text-slate-600"[39m
[36m>[39m
  [0mView all submitted ideas and track their status[0m
[36m</p>[39m

Ignored nodes: comments, script, style
[36m<h4[39m
  [33mclass[39m=[32m"mt-3 font-semibold text-slate-900"[39m
[36m>[39m
  [0mEvaluate Ideas[0m
[36m</h4>[39m

Ignored nodes: comments, script, style
[36m<p[39m
  [33mclass[39m=[32m"mt-1 text-sm text-slate-600"[39m
[36m>[39m
  [0mReview and provide feedback on submitted ideas[0m
[36m</p>[39m

(If this is intentional, then use the `*AllBy*` variant of the query (like `que
ryAllByText`, `getAllByText`, or `findAllByText`)).

Ignored nodes: comments, script, style
[36m<body>[39m
  [36m<div>[39m
    [36m<div[39m
      [33mclass[39m=[32m"mx-auto max-w-5xl space-y-6"[39m
    [36m>[39m
      [36m<div>[39m
        [36m<h2[39m
          [33mclass[39m=[32m"text-2xl font-bold text-slate-900"[39m
        [36m>[39m
          [0mDashboard[0m
        [36m</h2>[39m
        [36m<p[39m
          [33mclass[39m=[32m"mt-1 text-slate-600"[39m
        [36m>[39m
          [0mWelcome to InnovatEPAM Portal[0m
        [36m</p>[39m
      [36m</div>[39m
      [36m<div[39m
        [33mclass[39m=[32m"rounded-xl border border-slate-200 bg-white p-6 s
hadow-sm"[39m
      [36m>[39m
        [36m<h3[39m
          [33mclass[39m=[32m"text-lg font-semibold text-slate-900"[39m
        [36m>[39m
          [0mYour Profile[0m
        [36m</h3>[39m
        [36m<div[39m
          [33mclass[39m=[32m"mt-4 grid grid-cols-2 gap-4"[39m
        [36m>[39m
          [36m<div>[39m
            [36m<p[39m
              [33mclass[39m=[32m"text-sm font-medium text-slate-500"[39m
            [36m>[39m
              [0mEmail[0m
            [36m</p>[39m
            [36m<p[39m
              [33mclass[39m=[32m"mt-1 text-slate-900"[39m
            [36m>[39m
              [0mtest@example.com[0m
            [36m</p>[39m
          [36m</div>[39m
          [36m<div>[39m
            [36m<p[39m
              [33mclass[39m=[32m"text-sm font-medium text-slate-500"[39m
            [36m>[39m
              [0mRole[0m
            [36m</p>[39m
            [36m<p[39m
              [33mclass[39m=[32m"mt-1 capitalize text-slate-900"[39m
            [36m>[39m
              [0mevaluator[0m
            [36m</p>[39m
          [36m</div>[39m
        [36m</div>[39m
      [36m</div>[39m
      [36m<div>[39m
        [36m<h3[39m
          [33mclass[39m=[32m"text-lg font-semibold text-slate-900"[39m
        [36m>[39m
          [0mQuick Actions[0m
        [36m</h3>[39m
        [36m<div[39m
          [33mclass[39m=[32m"mt-4 grid grid-cols-1 gap-4 md:grid-cols-3"[39
m
        [36m>[39m
          [36m<button[39m
            [33mclass[39m=[32m"rounded-xl border border-slate-200 bg-white p
-6 text-left shadow-sm transition-all hover:border-blue-300 hover:shadow-md"[3
9m
          [36m>[39m
            [36m<div[39m
              [33mclass[39m=[32m"text-3xl"[39m
            [36m>[39m
              [0m­şÆí[0m
            [36m</div>[39m
            [36m<h4[39m
              [33mclass[39m=[32m"mt-3 font-semibold text-slate-900"[39m
            [36m>[39m
              [0mBrowse Ideas[0m
            [36m</h4>[39m
            [36m<p[39m
              [33mclass[39m=[32m"mt-1 text-sm text-slate-600"[39m
            [36m>[39m
              [0mView all submitted ideas and track their status[0m
            [36m</p>[39m
          [36m</button>[39m
          [36m<button[39m
            [33mclass[39m=[32m"rounded-xl border border-slate-200 bg-white p
-6 text-left shadow-sm transition-all hover:border-blue-300 hover:shadow-md"[3
9m
          [36m>[39m
            [36m<div[39m
              [33mclass[39m=[32m"text-3xl"[39m
            [36m>[39m
              [0mÔ£à[0m
            [36m</div>[39m
            [36m<h4[39m
              [33mclass[39m=[32m"mt-3 font-semibold text-slate-900"[39m
            [36m>[39m
              [0mEvaluate Ideas[0m
            [36m</h4>[39m
            [36m<p[39m
              [33mclass[39m=[32m"mt-1 text-sm text-slate-600"[39m
            [36m>[39m
              [0mReview and provide feedback on submitted ideas[0m
            [36m</p>[39m
          [36m</button>[39m
        [36m</div>[39m
      [36m</div>[39m
    [36m</div>[39m
  [36m</div>[39m
[36m</body>[39m

Ignored nodes: comments, script, style
[36m<html>[39m
  [36m<head />[39m
  [36m<body>[39m
    [36m<div>[39m
      [36m<div[39m
        [33mclass[39m=[32m"mx-auto max-w-5xl space-y-6"[39m
      [36m>[39m
        [36m<div>[39m
          [36m<h2[39m
            [33mclass[39m=[32m"text-2xl font-bold text-slate-900"[39m
          [36m>[39m
            [0mDashboard[0m
          [36m</h2>[39m
          [36m<p[39m
            [33mclass[39m=[32m"mt-1 text-slate-600"[39m
          [36m>[39m
            [0mWelcome to InnovatEPAM Portal[0m
          [36m</p>[39m
        [36m</div>[39m
        [36m<div[39m
          [33mclass[39m=[32m"rounded-xl border border-slate-200 bg-white p-6
 shadow-sm"[39m
        [36m>[39m
          [36m<h3[39m
            [33mclass[39m=[32m"text-lg font-semibold text-slate-900"[39m
          [36m>[39m
            [0mYour Profile[0m
          [36m</h3>[39m
          [36m<div[39m
            [33mclass[39m=[32m"mt-4 grid grid-cols-2 gap-4"[39m
          [36m>[39m
            [36m<div>[39m
              [36m<p[39m
                [33mclass[39m=[32m"text-sm font-medium text-slate-500"[39m
              [36m>[39m
                [0mEmail[0m
              [36m</p>[39m
              [36m<p[39m
                [33mclass[39m=[32m"mt-1 text-slate-900"[39m
              [36m>[39m
                [0mtest@example.com[0m
              [36m</p>[39m
            [36m</div>[39m
            [36m<div>[39m
              [36m<p[39m
                [33mclass[39m=[32m"text-sm font-medium text-slate-500"[39m
              [36m>[39m
                [0mRole[0m
              [36m</p>[39m
              [36m<p[39m
                [33mclass[39m=[32m"mt-1 capitalize text-slate-900"[39m
              [36m>[39m
                [0mevaluator[0m
              [36m</p>[39m
            [36m</div>[39m
          [36m</div>[39m
        [36m</div>[39m
        [36m<div>[39m
          [36m<h3[39m
            [33mclass[39m=[32m"text-lg font-semibold text-slate-900"[39m
          [36m>[39m
            [0mQuick Actions[0m
          [36m</h3>[39m
          [36m<div[39m
            [33mclass[39m=[32m"mt-4 grid grid-cols-1 gap-4 md:grid-cols-3"[
39m
          [36m>[39m
            [36m<button[39m
              [33mclass[39m=[32m"rounded-xl border border-slate-200 bg-white
 p-6 text-left shadow-sm transition-all hover:border-blue-300 hover:shadow-md"
[39m
            [36m>[39m
              [36m<div[39m
                [33mclass[39m=[32m"text-3xl"[39m
              [36m>[39m
                [0m­şÆí[0m
              [36m</div>[39m
              [36m<h4[39m
                [33mclass[39m=[32m"mt-3 font-semibold text-slate-900"[39m
              [36m>[39m
                [0mBrowse Ideas[0m
              [36m</h4>[39m
              [36m<p[39m
                [33mclass[39m=[32m"mt-1 text-sm text-slate-600"[39m
              [36m>[39m
                [0mView all submitted ideas and track their status[0m
              [36m</p>[39m
            [36m</button>[39m
            [36m<button[39m
              [33mclass[39m=[32m"rounded-xl border border-slate-200 bg-white
 p-6 text-left shadow-sm transition-all hover:border-blue-300 hover:shadow-md"
[39m
            [36m>[39m
              [36m<div[39m
                [33mclass[39m=[32m"text-3xl"[39m
              [36m>[39m
                [0mÔ£à[0m
              [36m</div>[39m
              [36m<h4[39m
                [33mclass[39m=[32m"mt-3 font-semibold text-slate-900"[39m
              [36m>[39m
                [0mEvaluate Ideas[0m
              [36m</h4>[39m
              [36m<p[39m
                [33mclass[39m=[32m"mt-1 text-sm text-slate-600"[39m
              [36m>[39m
                [0mReview and provide feedback on submitted ideas[0m
              [36m</p>[39m
            [36m</button>[39m
          [36m</div>[39m
        [36m</div>[39m
      [36m</div>[39m
    [36m</div>[39m
  [36m</body>[39m
[36m</html>[39m
[90m [2mÔØ»[22m waitForWrapper node_modules/@testing-library/dom/dist/wait-f
or.js:[2m163:27[22m[39m
[36m [2mÔØ»[22m src/pages/DashboardPage.test.jsx:[2m76:11[22m[39m
    [90m 74| [39m
    [90m 75| [39m    [90m// Dashboard should render even if API calls fail[
39m
    [90m 76| [39m    [35mawait[39m [34mwaitFor[39m(() [33m=>[39m {
    [90m   | [39m          [31m^[39m
    [90m 77| [39m      expect(screen.getByText(/dashboard|ideas|summary|welco
me/i)).toBÔÇĞ
    [90m 78| [39m    })[33m;[39m

[31m[2mÔÄ»ÔÄ»ÔÄ»ÔÄ»ÔÄ»ÔÄ»ÔÄ»ÔÄ»ÔÄ»ÔÄ»ÔÄ»ÔÄ»ÔÄ»ÔÄ»ÔÄ»ÔÄ»ÔÄ»ÔÄ»ÔÄ»ÔÄ»ÔÄ»ÔÄ»ÔÄ»Ô
Ä»[3/8]ÔÄ»[22m[39m

[41m[1m FAIL [22m[49m src/pages/DashboardPage.test.jsx[2m > [22mDashboard
Page - Integration[2m > [22mshould display appropriate content for role
[31m[1mTestingLibraryElementError[22m[39m: Found multiple elements with the
 text: /dashboard|ideas|summary|welcome/i

Here are the matching elements:

Ignored nodes: comments, script, style
[36m<h2[39m
  [33mclass[39m=[32m"text-2xl font-bold text-slate-900"[39m
[36m>[39m
  [0mDashboard[0m
[36m</h2>[39m

Ignored nodes: comments, script, style
[36m<p[39m
  [33mclass[39m=[32m"mt-1 text-slate-600"[39m
[36m>[39m
  [0mWelcome to InnovatEPAM Portal[0m
[36m</p>[39m

Ignored nodes: comments, script, style
[36m<h4[39m
  [33mclass[39m=[32m"mt-3 font-semibold text-slate-900"[39m
[36m>[39m
  [0mBrowse Ideas[0m
[36m</h4>[39m

Ignored nodes: comments, script, style
[36m<p[39m
  [33mclass[39m=[32m"mt-1 text-sm text-slate-600"[39m
[36m>[39m
  [0mView all submitted ideas and track their status[0m
[36m</p>[39m

Ignored nodes: comments, script, style
[36m<h4[39m
  [33mclass[39m=[32m"mt-3 font-semibold text-slate-900"[39m
[36m>[39m
  [0mEvaluate Ideas[0m
[36m</h4>[39m

Ignored nodes: comments, script, style
[36m<p[39m
  [33mclass[39m=[32m"mt-1 text-sm text-slate-600"[39m
[36m>[39m
  [0mReview and provide feedback on submitted ideas[0m
[36m</p>[39m

(If this is intentional, then use the `*AllBy*` variant of the query (like `que
ryAllByText`, `getAllByText`, or `findAllByText`)).

Ignored nodes: comments, script, style
[36m<body>[39m
  [36m<div>[39m
    [36m<div[39m
      [33mclass[39m=[32m"mx-auto max-w-5xl space-y-6"[39m
    [36m>[39m
      [36m<div>[39m
        [36m<h2[39m
          [33mclass[39m=[32m"text-2xl font-bold text-slate-900"[39m
        [36m>[39m
          [0mDashboard[0m
        [36m</h2>[39m
        [36m<p[39m
          [33mclass[39m=[32m"mt-1 text-slate-600"[39m
        [36m>[39m
          [0mWelcome to InnovatEPAM Portal[0m
        [36m</p>[39m
      [36m</div>[39m
      [36m<div[39m
        [33mclass[39m=[32m"rounded-xl border border-slate-200 bg-white p-6 s
hadow-sm"[39m
      [36m>[39m
        [36m<h3[39m
          [33mclass[39m=[32m"text-lg font-semibold text-slate-900"[39m
        [36m>[39m
          [0mYour Profile[0m
        [36m</h3>[39m
        [36m<div[39m
          [33mclass[39m=[32m"mt-4 grid grid-cols-2 gap-4"[39m
        [36m>[39m
          [36m<div>[39m
            [36m<p[39m
              [33mclass[39m=[32m"text-sm font-medium text-slate-500"[39m
            [36m>[39m
              [0mEmail[0m
            [36m</p>[39m
            [36m<p[39m
              [33mclass[39m=[32m"mt-1 text-slate-900"[39m
            [36m>[39m
              [0mtest@example.com[0m
            [36m</p>[39m
          [36m</div>[39m
          [36m<div>[39m
            [36m<p[39m
              [33mclass[39m=[32m"text-sm font-medium text-slate-500"[39m
            [36m>[39m
              [0mRole[0m
            [36m</p>[39m
            [36m<p[39m
              [33mclass[39m=[32m"mt-1 capitalize text-slate-900"[39m
            [36m>[39m
              [0mevaluator[0m
            [36m</p>[39m
          [36m</div>[39m
        [36m</div>[39m
      [36m</div>[39m
      [36m<div>[39m
        [36m<h3[39m
          [33mclass[39m=[32m"text-lg font-semibold text-slate-900"[39m
        [36m>[39m
          [0mQuick Actions[0m
        [36m</h3>[39m
        [36m<div[39m
          [33mclass[39m=[32m"mt-4 grid grid-cols-1 gap-4 md:grid-cols-3"[39
m
        [36m>[39m
          [36m<button[39m
            [33mclass[39m=[32m"rounded-xl border border-slate-200 bg-white p
-6 text-left shadow-sm transition-all hover:border-blue-300 hover:shadow-md"[3
9m
          [36m>[39m
            [36m<div[39m
              [33mclass[39m=[32m"text-3xl"[39m
            [36m>[39m
              [0m­şÆí[0m
            [36m</div>[39m
            [36m<h4[39m
              [33mclass[39m=[32m"mt-3 font-semibold text-slate-900"[39m
            [36m>[39m
              [0mBrowse Ideas[0m
            [36m</h4>[39m
            [36m<p[39m
              [33mclass[39m=[32m"mt-1 text-sm text-slate-600"[39m
            [36m>[39m
              [0mView all submitted ideas and track their status[0m
            [36m</p>[39m
          [36m</button>[39m
          [36m<button[39m
            [33mclass[39m=[32m"rounded-xl border border-slate-200 bg-white p
-6 text-left shadow-sm transition-all hover:border-blue-300 hover:shadow-md"[3
9m
          [36m>[39m
            [36m<div[39m
              [33mclass[39m=[32m"text-3xl"[39m
            [36m>[39m
              [0mÔ£à[0m
            [36m</div>[39m
            [36m<h4[39m
              [33mclass[39m=[32m"mt-3 font-semibold text-slate-900"[39m
            [36m>[39m
              [0mEvaluate Ideas[0m
            [36m</h4>[39m
            [36m<p[39m
              [33mclass[39m=[32m"mt-1 text-sm text-slate-600"[39m
            [36m>[39m
              [0mReview and provide feedback on submitted ideas[0m
            [36m</p>[39m
          [36m</button>[39m
        [36m</div>[39m
      [36m</div>[39m
    [36m</div>[39m
  [36m</div>[39m
[36m</body>[39m
[90m [2mÔØ»[22m Object.getElementError node_modules/@testing-library/dom/dis
t/config.js:[2m37:19[22m[39m
[90m [2mÔØ»[22m getElementError node_modules/@testing-library/dom/dist/query
-helpers.js:[2m20:35[22m[39m
[90m [2mÔØ»[22m getMultipleElementsFoundError node_modules/@testing-library/
dom/dist/query-helpers.js:[2m23:10[22m[39m
[90m [2mÔØ»[22m node_modules/@testing-library/dom/dist/query-helpers.js:[2m
55:13[22m[39m
[90m [2mÔØ»[22m node_modules/@testing-library/dom/dist/query-helpers.js:[2m
95:19[22m[39m
[36m [2mÔØ»[22m src/pages/DashboardPage.test.jsx:[2m85:19[22m[39m
    [90m 83| [39m
    [90m 84| [39m    [90m// Modern UI: Main dashboard heading should be pres
ent[39m
    [90m 85| [39m    expect(screen.getByText(/dashboard|ideas|summary|welcome
/i)).toBeIÔÇĞ
    [90m   | [39m                  [31m^[39m
    [90m 86| [39m  })[33m;[39m
    [90m 87| [39m

[31m[2mÔÄ»ÔÄ»ÔÄ»ÔÄ»ÔÄ»ÔÄ»ÔÄ»ÔÄ»ÔÄ»ÔÄ»ÔÄ»ÔÄ»ÔÄ»ÔÄ»ÔÄ»ÔÄ»ÔÄ»ÔÄ»ÔÄ»ÔÄ»ÔÄ»ÔÄ»ÔÄ»Ô
Ä»[4/8]ÔÄ»[22m[39m

[41m[1m FAIL [22m[49m src/pages/DashboardPage.test.jsx[2m > [22mDashboard
Page - Integration[2m > [22mshould fetch user data on mount
[31m[1mTestingLibraryElementError[22m[39m: Found multiple elements with the
 text: /dashboard|ideas|summary|welcome/i

Here are the matching elements:

Ignored nodes: comments, script, style
[36m<h2[39m
  [33mclass[39m=[32m"text-2xl font-bold text-slate-900"[39m
[36m>[39m
  [0mDashboard[0m
[36m</h2>[39m

Ignored nodes: comments, script, style
[36m<p[39m
  [33mclass[39m=[32m"mt-1 text-slate-600"[39m
[36m>[39m
  [0mWelcome to InnovatEPAM Portal[0m
[36m</p>[39m

Ignored nodes: comments, script, style
[36m<h4[39m
  [33mclass[39m=[32m"mt-3 font-semibold text-slate-900"[39m
[36m>[39m
  [0mBrowse Ideas[0m
[36m</h4>[39m

Ignored nodes: comments, script, style
[36m<p[39m
  [33mclass[39m=[32m"mt-1 text-sm text-slate-600"[39m
[36m>[39m
  [0mView all submitted ideas and track their status[0m
[36m</p>[39m

Ignored nodes: comments, script, style
[36m<h4[39m
  [33mclass[39m=[32m"mt-3 font-semibold text-slate-900"[39m
[36m>[39m
  [0mEvaluate Ideas[0m
[36m</h4>[39m

Ignored nodes: comments, script, style
[36m<p[39m
  [33mclass[39m=[32m"mt-1 text-sm text-slate-600"[39m
[36m>[39m
  [0mReview and provide feedback on submitted ideas[0m
[36m</p>[39m

(If this is intentional, then use the `*AllBy*` variant of the query (like `que
ryAllByText`, `getAllByText`, or `findAllByText`)).

Ignored nodes: comments, script, style
[36m<body>[39m
  [36m<div>[39m
    [36m<div[39m
      [33mclass[39m=[32m"mx-auto max-w-5xl space-y-6"[39m
    [36m>[39m
      [36m<div>[39m
        [36m<h2[39m
          [33mclass[39m=[32m"text-2xl font-bold text-slate-900"[39m
        [36m>[39m
          [0mDashboard[0m
        [36m</h2>[39m
        [36m<p[39m
          [33mclass[39m=[32m"mt-1 text-slate-600"[39m
        [36m>[39m
          [0mWelcome to InnovatEPAM Portal[0m
        [36m</p>[39m
      [36m</div>[39m
      [36m<div[39m
        [33mclass[39m=[32m"rounded-xl border border-slate-200 bg-white p-6 s
hadow-sm"[39m
      [36m>[39m
        [36m<h3[39m
          [33mclass[39m=[32m"text-lg font-semibold text-slate-900"[39m
        [36m>[39m
          [0mYour Profile[0m
        [36m</h3>[39m
        [36m<div[39m
          [33mclass[39m=[32m"mt-4 grid grid-cols-2 gap-4"[39m
        [36m>[39m
          [36m<div>[39m
            [36m<p[39m
              [33mclass[39m=[32m"text-sm font-medium text-slate-500"[39m
            [36m>[39m
              [0mEmail[0m
            [36m</p>[39m
            [36m<p[39m
              [33mclass[39m=[32m"mt-1 text-slate-900"[39m
            [36m>[39m
              [0mtest@example.com[0m
            [36m</p>[39m
          [36m</div>[39m
          [36m<div>[39m
            [36m<p[39m
              [33mclass[39m=[32m"text-sm font-medium text-slate-500"[39m
            [36m>[39m
              [0mRole[0m
            [36m</p>[39m
            [36m<p[39m
              [33mclass[39m=[32m"mt-1 capitalize text-slate-900"[39m
            [36m>[39m
              [0mevaluator[0m
            [36m</p>[39m
          [36m</div>[39m
        [36m</div>[39m
      [36m</div>[39m
      [36m<div>[39m
        [36m<h3[39m
          [33mclass[39m=[32m"text-lg font-semibold text-slate-900"[39m
        [36m>[39m
          [0mQuick Actions[0m
        [36m</h3>[39m
        [36m<div[39m
          [33mclass[39m=[32m"mt-4 grid grid-cols-1 gap-4 md:grid-cols-3"[39
m
        [36m>[39m
          [36m<button[39m
            [33mclass[39m=[32m"rounded-xl border border-slate-200 bg-white p
-6 text-left shadow-sm transition-all hover:border-blue-300 hover:shadow-md"[3
9m
          [36m>[39m
            [36m<div[39m
              [33mclass[39m=[32m"text-3xl"[39m
            [36m>[39m
              [0m­şÆí[0m
            [36m</div>[39m
            [36m<h4[39m
              [33mclass[39m=[32m"mt-3 font-semibold text-slate-900"[39m
            [36m>[39m
              [0mBrowse Ideas[0m
            [36m</h4>[39m
            [36m<p[39m
              [33mclass[39m=[32m"mt-1 text-sm text-slate-600"[39m
            [36m>[39m
              [0mView all submitted ideas and track their status[0m
            [36m</p>[39m
          [36m</button>[39m
          [36m<button[39m
            [33mclass[39m=[32m"rounded-xl border border-slate-200 bg-white p
-6 text-left shadow-sm transition-all hover:border-blue-300 hover:shadow-md"[3
9m
          [36m>[39m
            [36m<div[39m
              [33mclass[39m=[32m"text-3xl"[39m
            [36m>[39m
              [0mÔ£à[0m
            [36m</div>[39m
            [36m<h4[39m
              [33mclass[39m=[32m"mt-3 font-semibold text-slate-900"[39m
            [36m>[39m
              [0mEvaluate Ideas[0m
            [36m</h4>[39m
            [36m<p[39m
              [33mclass[39m=[32m"mt-1 text-sm text-slate-600"[39m
            [36m>[39m
              [0mReview and provide feedback on submitted ideas[0m
            [36m</p>[39m
          [36m</button>[39m
        [36m</div>[39m
      [36m</div>[39m
    [36m</div>[39m
  [36m</div>[39m
[36m</body>[39m

Ignored nodes: comments, script, style
[36m<html>[39m
  [36m<head />[39m
  [36m<body>[39m
    [36m<div>[39m
      [36m<div[39m
        [33mclass[39m=[32m"mx-auto max-w-5xl space-y-6"[39m
      [36m>[39m
        [36m<div>[39m
          [36m<h2[39m
            [33mclass[39m=[32m"text-2xl font-bold text-slate-900"[39m
          [36m>[39m
            [0mDashboard[0m
          [36m</h2>[39m
          [36m<p[39m
            [33mclass[39m=[32m"mt-1 text-slate-600"[39m
          [36m>[39m
            [0mWelcome to InnovatEPAM Portal[0m
          [36m</p>[39m
        [36m</div>[39m
        [36m<div[39m
          [33mclass[39m=[32m"rounded-xl border border-slate-200 bg-white p-6
 shadow-sm"[39m
        [36m>[39m
          [36m<h3[39m
            [33mclass[39m=[32m"text-lg font-semibold text-slate-900"[39m
          [36m>[39m
            [0mYour Profile[0m
          [36m</h3>[39m
          [36m<div[39m
            [33mclass[39m=[32m"mt-4 grid grid-cols-2 gap-4"[39m
          [36m>[39m
            [36m<div>[39m
              [36m<p[39m
                [33mclass[39m=[32m"text-sm font-medium text-slate-500"[39m
              [36m>[39m
                [0mEmail[0m
              [36m</p>[39m
              [36m<p[39m
                [33mclass[39m=[32m"mt-1 text-slate-900"[39m
              [36m>[39m
                [0mtest@example.com[0m
              [36m</p>[39m
            [36m</div>[39m
            [36m<div>[39m
              [36m<p[39m
                [33mclass[39m=[32m"text-sm font-medium text-slate-500"[39m
              [36m>[39m
                [0mRole[0m
              [36m</p>[39m
              [36m<p[39m
                [33mclass[39m=[32m"mt-1 capitalize text-slate-900"[39m
              [36m>[39m
                [0mevaluator[0m
              [36m</p>[39m
            [36m</div>[39m
          [36m</div>[39m
        [36m</div>[39m
        [36m<div>[39m
          [36m<h3[39m
            [33mclass[39m=[32m"text-lg font-semibold text-slate-900"[39m
          [36m>[39m
            [0mQuick Actions[0m
          [36m</h3>[39m
          [36m<div[39m
            [33mclass[39m=[32m"mt-4 grid grid-cols-1 gap-4 md:grid-cols-3"[
39m
          [36m>[39m
            [36m<button[39m
              [33mclass[39m=[32m"rounded-xl border border-slate-200 bg-white
 p-6 text-left shadow-sm transition-all hover:border-blue-300 hover:shadow-md"
[39m
            [36m>[39m
              [36m<div[39m
                [33mclass[39m=[32m"text-3xl"[39m
              [36m>[39m
                [0m­şÆí[0m
              [36m</div>[39m
              [36m<h4[39m
                [33mclass[39m=[32m"mt-3 font-semibold text-slate-900"[39m
              [36m>[39m
                [0mBrowse Ideas[0m
              [36m</h4>[39m
              [36m<p[39m
                [33mclass[39m=[32m"mt-1 text-sm text-slate-600"[39m
              [36m>[39m
                [0mView all submitted ideas and track their status[0m
              [36m</p>[39m
            [36m</button>[39m
            [36m<button[39m
              [33mclass[39m=[32m"rounded-xl border border-slate-200 bg-white
 p-6 text-left shadow-sm transition-all hover:border-blue-300 hover:shadow-md"
[39m
            [36m>[39m
              [36m<div[39m
                [33mclass[39m=[32m"text-3xl"[39m
              [36m>[39m
                [0mÔ£à[0m
              [36m</div>[39m
              [36m<h4[39m
                [33mclass[39m=[32m"mt-3 font-semibold text-slate-900"[39m
              [36m>[39m
                [0mEvaluate Ideas[0m
              [36m</h4>[39m
              [36m<p[39m
                [33mclass[39m=[32m"mt-1 text-sm text-slate-600"[39m
              [36m>[39m
                [0mReview and provide feedback on submitted ideas[0m
              [36m</p>[39m
            [36m</button>[39m
          [36m</div>[39m
        [36m</div>[39m
      [36m</div>[39m
    [36m</div>[39m
  [36m</body>[39m
[36m</html>[39m
[90m [2mÔØ»[22m waitForWrapper node_modules/@testing-library/dom/dist/wait-f
or.js:[2m163:27[22m[39m
[36m [2mÔØ»[22m src/pages/DashboardPage.test.jsx:[2m92:11[22m[39m
    [90m 90| [39m
    [90m 91| [39m    [90m// Wait for dashboard to load[39m
    [90m 92| [39m    [35mawait[39m [34mwaitFor[39m(() [33m=>[39m {
    [90m   | [39m          [31m^[39m
    [90m 93| [39m      expect(screen.getByText(/dashboard|ideas|summary|welco
me/i)).toBÔÇĞ
    [90m 94| [39m    })[33m;[39m

[31m[2mÔÄ»ÔÄ»ÔÄ»ÔÄ»ÔÄ»ÔÄ»ÔÄ»ÔÄ»ÔÄ»ÔÄ»ÔÄ»ÔÄ»ÔÄ»ÔÄ»ÔÄ»ÔÄ»ÔÄ»ÔÄ»ÔÄ»ÔÄ»ÔÄ»ÔÄ»ÔÄ»Ô
Ä»[5/8]ÔÄ»[22m[39m

[41m[1m FAIL [22m[49m src/test/IdeaListing.test.jsx[2m > [22mIdeaListing
[2m > [22mshould filter ideas by status
[31m[1mTestingLibraryElementError[22m[39m: Found a label with the text of: 
/filter by status/i, however no form control was found associated to that label
. Make sure you're using the "for" attribute or "aria-labelledby" attribute cor
rectly.

Ignored nodes: comments, script, style
[36m<body>[39m
  [36m<div>[39m
    [36m<div>[39m
      [36m<div[39m
        [33mclass[39m=[32m"mb-6 flex items-center justify-between"[39m
      [36m>[39m
        [36m<div>[39m
          [36m<h1[39m
            [33mclass[39m=[32m"text-3xl font-bold text-slate-900"[39m
          [36m>[39m
            [0mIdeas[0m
          [36m</h1>[39m
          [36m<p[39m
            [33mclass[39m=[32m"mt-2 text-slate-600"[39m
          [36m>[39m
            [0mBrowse and manage innovation proposals[0m
          [36m</p>[39m
        [36m</div>[39m
        [36m<button[39m
          [33mclass[39m=[32m"flex items-center gap-2 rounded-lg bg-blue-600 
px-4 py-2.5 text-sm font-semibold text-white shadow-sm transition-colors hover:
bg-blue-700"[39m
        [36m>[39m
          [36m<span>[39m
            [0mÔŞò[0m
          [36m</span>[39m
          [0mSubmit Idea[0m
        [36m</button>[39m
      [36m</div>[39m
      [36m<div[39m
        [33mclass[39m=[32m"mb-6 flex gap-4 rounded-xl border border-slate-20
0 bg-white p-4 shadow-sm"[39m
      [36m>[39m
        [36m<div[39m
          [33mclass[39m=[32m"flex-1"[39m
        [36m>[39m
          [36m<label[39m
            [33mclass[39m=[32m"block text-sm font-medium text-slate-700"[39
m
          [36m>[39m
            [0mFilter by Status[0m
          [36m</label>[39m
          [36m<select[39m
            [33mclass[39m=[32m"mt-1.5 w-full rounded-lg border border-slate-
300 px-3 py-2 text-sm focus:border-blue-500 focus:outline-none focus:ring-2 foc
us:ring-blue-500/20"[39m
          [36m>[39m
            [36m<option[39m
              [33mvalue[39m=[32m""[39m
            [36m>[39m
              [0mAll Statuses[0m
            [36m</option>[39m
            [36m<option[39m
              [33mvalue[39m=[32m"SUBMITTED"[39m
            [36m>[39m
              [0mSubmitted[0m
            [36m</option>[39m
            [36m<option[39m
              [33mvalue[39m=[32m"UNDER_REVIEW"[39m
            [36m>[39m
              [0mUnder Review[0m
            [36m</option>[39m
            [36m<option[39m
              [33mvalue[39m=[32m"ACCEPTED"[39m
            [36m>[39m
              [0mAccepted[0m
            [36m</option>[39m
            [36m<option[39m
              [33mvalue[39m=[32m"REJECTED"[39m
            [36m>[39m
              [0mRejected[0m
            [36m</option>[39m
          [36m</select>[39m
        [36m</div>[39m
        [36m<div[39m
          [33mclass[39m=[32m"flex-1"[39m
        [36m>[39m
          [36m<label[39m
            [33mclass[39m=[32m"block text-sm font-medium text-slate-700"[39
m
          [36m>[39m
            [0mFilter by Category[0m
          [36m</label>[39m
          [36m<input[39m
            [33mclass[39m=[32m"mt-1.5 w-full rounded-lg border border-slate-
300 px-3 py-2 text-sm focus:border-blue-500 focus:outline-none focus:ring-2 foc
us:ring-blue-500/20"[39m
            [33mplaceholder[39m=[32m"Enter category..."[39m
            [33mtype[39m=[32m"text"[39m
            [33mvalue[39m=[32m""[39m
          [36m/>[39m
        [36m</div>[39m
      [36m</div>[39m
      [36m<div[39m
        [33mclass[39m=[32m"overflow-hidden rounded-xl border border-slate-20
0 bg-white shadow-sm"[39m
      [36m>[39m
        [36m<table[39m
          [33mclass[39m=[32m"w-full"[39m
        [36m>[39m
          [36m<thead[39m
            [33mclass[39m=[32m"border-b border-slate-200 bg-slate-50"[39m
          [36m>[39m
            [36m<tr>[39m
              [36m<th[39m
                [33mclass[39m=[32m"px-6 py-3 text-left text-xs font-semibold
 uppercase tracking-wider text-slate-600"[39m
              [36m>[39m
                [0mTitle[0m
              [36m</th>[39m
              [36m<th[39m
                [33mclass[39m=[32m"px-6 py-3 text-left text-xs font-semibold
 uppercase tracking-wider text-slate-600"[39m
              [36m>[39m
                [0mCategory[0m
              [36m</th>[39m
              [36m<th[39m
                [33mclass[39m=[32m"px-6 py-3 text-left text-xs font-semibold
 uppercase tracking-wider text-slate-600"[39m
              [36m>[39m
                [0mStatus[0m
              [36m</th>[39m
              [36m<th[39m
                [33mclass[39m=[32m"px-6 py-3 text-left text-xs font-semibold
 uppercase tracking-wider text-slate-600"[39m
              [36m>[39m
                [0mSubmitter[0m
              [36m</th>[39m
              [36m<th[39m
                [33mclass[39m=[32m"px-6 py-3 text-left text-xs font-semibold
 uppercase tracking-wider text-slate-600"[39m
              [36m>[39m
                [0mDate[0m
              [36m</th>[39m
              [36m<th[39m
                [33mclass[39m=[32m"px-6 py-3 text-left text-xs font-semibold
 uppercase tracking-wider text-slate-600"[39m
              [36m>[39m
                [0mComments[0m
              [36m</th>[39m
            [36m</tr>[39m
          [36m</thead>[39m
          [36m<tbody[39m
            [33mclass[39m=[32m"divide-y divide-slate-200"[39m
          [36m>[39m
            [36m<tr[39m
              [33mclass[39m=[32m"cursor-pointer transition-colors hover:bg-s
late-50"[39m
            [36m>[39m
              [36m<td[39m
                [33mclass[39m=[32m"px-6 py-4"[39m
              [36m>[39m
                [36m<div[39m
                  [33mclass[39m=[32m"flex items-center gap-2"[39m
                [36m>[39m
                  [36m<p[39m
                    [33mclass[39m=[32m"font-medium text-slate-900"[39m
                  [36m>[39m
                    [0mRemote Work Policy Enhancement[0m
                  [36m</p>[39m
                  [36m<span[39m
                    [33mclass[39m=[32m"text-slate-400"[39m
                    [33mtitle[39m=[32m"Has attachment"[39m
                  [36m>[39m
                    [0m­şôÄ[0m
                  [36m</span>[39m
                [36m</div>[39m
              [36m</td>[39m
              [36m<td[39m
                [33mclass[39m=[32m"px-6 py-4 text-sm text-slate-600"[39m
              [36m>[39m
                [0mHR[0m
              [36m</td>[39m
              [36m<td[39m
                [33mclass[39m=[32m"px-6 py-4"[39m
              [36m>[39m
                [36m<span[39m
                  [33mclass[39m=[32m"inline-flex rounded-full px-2.5 py-1 te
xt-xs font-semibold bg-yellow-100 text-yellow-800"[39m
                [36m>[39m
                  [0mUnder Review[0m
                [36m</span>[39m
              [36m</td>[39m
              [36m<td[39m
                [33mclass[39m=[32m"px-6 py-4 text-sm text-slate-600"[39m
              [36m>[39m
                [0malice@example.com[0m
              [36m</td>[39m
              [36m<td[39m
                [33mclass[39m=[32m"px-6 py-4 text-sm text-slate-600"[39m
              [36m>[39m
                [0mFeb 20, 2026[0m
              [36m</td>[39m
              [36m<td[39m
                [33mclass[39m=[32m"px-6 py-4 text-sm text-slate-600"[39m
              [36m>[39m
                [36m<span[39m
                  [33mclass[39m=[32m"flex items-center gap-1"[39m
                [36m>[39m
                  [0m­şÆ¼ [0m
                  [0m2[0m
                [36m</span>[39m
              [36m</td>[39m
            [36m</tr>[39m
            [36m<tr[39m
              [33mclass[39m=[32m"cursor-pointer transition-colors hover:bg-s
late-50"[39m
            [36m>[39m
              [36m<td[39m
                [33mclass[39m=[32m"px-6 py-4"[39m
              [36m>[39m
                [36m<div[39m
                  [33mclass[39m=[32m"flex items-center gap-2"[39m
                [36m>[39m
                  [36m<p[39m
                    [33mclass[39m=[32m"font-medium text-slate-900"[39m
                  [36m>[39m
                    [0mSustainable Packaging Initiative[0m
                  [36m</p>[39m
                [36m</div>[39m
              [36m</td>[39m
              [36m<td[39m
                [33mclass[39m=[32m"px-6 py-4 text-sm text-slate-600"[39m
              [36m>[39m
                [0mSustainability[0m
              [36m</td>[39m
              [36m<td[39m
                [33mclass[39m=[32m"px-6 py-4"[39m
              [36m>[39m
                [36m<span[39m
                  [33mclass[39m=[32m"inline-flex rounded-full px-2.5 py-1 te
xt-xs font-semibold bg-blue-100 text-blue-800"[39m
                [36m>[39m
                  [0mSubmitted[0m
                [36m</span>[39m
              [36m</td>[39m
              [36m<td[39m
                [33mclass[39m=[32m"px-6 py-4 text-sm text-slate-600"[39m
              [36m>[39m
                [0mbob@example.com[0m
              [36m</td>[39m
              [36m<td[39m
                [33mclass[39m=[32m"px-6 py-4 text-sm text-slate-600"[39m
              [36m>[39m
                [0mFeb 22, 2026[0m
              [36m</td>[39m
              [36m<td[39m
                [33mclass[39m=[32m"px-6 py-4 text-sm text-slate-600"[39m
              [36m>[39m
                [36m<span[39m
                  [33mclass[39m=[32m"text-slate-400"[39m
                [36m>[39m
                  [0mÔÇö[0m
                [36m</span>[39m
              [36m</td>[39m
            [36m</tr>[39m
            [36m<tr[39m
              [33mclass[39m=[32m"cursor-pointer transition-colors hover:bg-s
late-50"[39m
            [36m>[39m
              [36m<td[39m
                [33mclass[39m=[32m"px-6 py-4"[39m
              [36m>[39m
                [36m<div[39m
                  [33mclass[39m=[32m"flex items-center gap-2"[39m
                [36m>[39m
                  [36m<p[39m
                    [33mclass[39m=[32m"font-medium text-slate-900"[39m
                  [36m>[39m
                    [0mCustomer Portal Redesign[0m
                  [36m</p>[39m
                  [36m<span[39m
                    [33mclass[39m=[32m"text-slate-400"[39m
                    [33mtitle[39m=[32m"Has attachment"[39m
                  [36m>[39m
                    [0m­şôÄ[0m
                  [36m</span>[39m
                [36m</div>[39m
              [36m</td>[39m
              [36m<td[39m
                [33mclass[39m=[32m"px-6 py-4 text-sm text-slate-600"[39m
              [36m>[39m
                [0mTechnology[0m
              [36m</td>[39m
              [36m<td[39m
                [33mclass[39m=[32m"px-6 py-4"[39m
              [36m>[39m
                [36m<span[39m
                  [33mclass[39m=[32m"inline-flex rounded-full px-2.5 py-1 te
xt-xs font-semibold bg-green-100 text-green-800"[39m
                [36m>[39m
                  [0mAccepted[0m
                [36m</span>[39m
              [36m</td>[39m
              [36m<td[39m
                [33mclass[39m=[32m"px-6 py-4 text-sm text-slate-600"[39m
              [36m>[39m
                [0mcharlie@example.com[0m
              [36m</td>[39m
              [36m<td[39m
                [33mclass[39m=[32m"px-6 py-4 text-sm text-slate-600"[39m
              [36m>[39m
                [0mFeb 15, 2026[0m
              [36m</td>[39m
              [36m<td[39m
                [33mclass[39m=[32m"px-6 py-4 text-sm text-slate-600"[39m
              [36m>[39m
                [36m<span[39m
                  [33mclass[39m=[32m"flex items-center gap-1"[39m
                [36m>[39m
                  [0m­şÆ¼ [0m
                  [0m5[0m
                [36m</span>[39m
              [36m</td>[39m
            [36m</tr>[39m
          [36m</tbody>[39m
        [36m</table>[39m
      [36m</div>[39m
    [36m</div>[39m
  [36m</div>[39m
[36m</body>[39m
[90m [2mÔØ»[22m Object.getElementError node_modules/@testing-library/dom/dis
t/config.js:[2m37:19[22m[39m
[90m [2mÔØ»[22m getAllByLabelText node_modules/@testing-library/dom/dist/que
ries/label-text.js:[2m108:40[22m[39m
[90m [2mÔØ»[22m node_modules/@testing-library/dom/dist/query-helpers.js:[2m
52:17[22m[39m
[90m [2mÔØ»[22m node_modules/@testing-library/dom/dist/query-helpers.js:[2m
95:19[22m[39m
[36m [2mÔØ»[22m src/test/IdeaListing.test.jsx:[2m61:33[22m[39m
    [90m 59| [39m    }[33m,[39m { timeout[33m:[39m [34m3000[39m })[33m
;[39m
    [90m 60| [39m
    [90m 61| [39m    [35mconst[39m statusFilter [33m=[39m screen[33m.[3
9m[34mgetByLabelText[39m([36m/filter by status/i[39m)[33m;[39m
    [90m   | [39m                                [31m^[39m
    [90m 62| [39m    [35mawait[39m user[33m.[39m[34mselectOptions[39m(s
tatusFilter[33m,[39m [32m'SUBMITTED'[39m)[33m;[39m
    [90m 63| [39m

[31m[2mÔÄ»ÔÄ»ÔÄ»ÔÄ»ÔÄ»ÔÄ»ÔÄ»ÔÄ»ÔÄ»ÔÄ»ÔÄ»ÔÄ»ÔÄ»ÔÄ»ÔÄ»ÔÄ»ÔÄ»ÔÄ»ÔÄ»ÔÄ»ÔÄ»ÔÄ»ÔÄ»Ô
Ä»[6/8]ÔÄ»[22m[39m

[41m[1m FAIL [22m[49m src/test/IdeaListing.test.jsx[2m > [22mIdeaListing
[2m > [22mshould filter ideas by category
[31m[1mTestingLibraryElementError[22m[39m: Found a label with the text of: 
/filter by category/i, however no form control was found associated to that lab
el. Make sure you're using the "for" attribute or "aria-labelledby" attribute c
orrectly.

Ignored nodes: comments, script, style
[36m<body>[39m
  [36m<div>[39m
    [36m<div>[39m
      [36m<div[39m
        [33mclass[39m=[32m"mb-6 flex items-center justify-between"[39m
      [36m>[39m
        [36m<div>[39m
          [36m<h1[39m
            [33mclass[39m=[32m"text-3xl font-bold text-slate-900"[39m
          [36m>[39m
            [0mIdeas[0m
          [36m</h1>[39m
          [36m<p[39m
            [33mclass[39m=[32m"mt-2 text-slate-600"[39m
          [36m>[39m
            [0mBrowse and manage innovation proposals[0m
          [36m</p>[39m
        [36m</div>[39m
        [36m<button[39m
          [33mclass[39m=[32m"flex items-center gap-2 rounded-lg bg-blue-600 
px-4 py-2.5 text-sm font-semibold text-white shadow-sm transition-colors hover:
bg-blue-700"[39m
        [36m>[39m
          [36m<span>[39m
            [0mÔŞò[0m
          [36m</span>[39m
          [0mSubmit Idea[0m
        [36m</button>[39m
      [36m</div>[39m
      [36m<div[39m
        [33mclass[39m=[32m"mb-6 flex gap-4 rounded-xl border border-slate-20
0 bg-white p-4 shadow-sm"[39m
      [36m>[39m
        [36m<div[39m
          [33mclass[39m=[32m"flex-1"[39m
        [36m>[39m
          [36m<label[39m
            [33mclass[39m=[32m"block text-sm font-medium text-slate-700"[39
m
          [36m>[39m
            [0mFilter by Status[0m
          [36m</label>[39m
          [36m<select[39m
            [33mclass[39m=[32m"mt-1.5 w-full rounded-lg border border-slate-
300 px-3 py-2 text-sm focus:border-blue-500 focus:outline-none focus:ring-2 foc
us:ring-blue-500/20"[39m
          [36m>[39m
            [36m<option[39m
              [33mvalue[39m=[32m""[39m
            [36m>[39m
              [0mAll Statuses[0m
            [36m</option>[39m
            [36m<option[39m
              [33mvalue[39m=[32m"SUBMITTED"[39m
            [36m>[39m
              [0mSubmitted[0m
            [36m</option>[39m
            [36m<option[39m
              [33mvalue[39m=[32m"UNDER_REVIEW"[39m
            [36m>[39m
              [0mUnder Review[0m
            [36m</option>[39m
            [36m<option[39m
              [33mvalue[39m=[32m"ACCEPTED"[39m
            [36m>[39m
              [0mAccepted[0m
            [36m</option>[39m
            [36m<option[39m
              [33mvalue[39m=[32m"REJECTED"[39m
            [36m>[39m
              [0mRejected[0m
            [36m</option>[39m
          [36m</select>[39m
        [36m</div>[39m
        [36m<div[39m
          [33mclass[39m=[32m"flex-1"[39m
        [36m>[39m
          [36m<label[39m
            [33mclass[39m=[32m"block text-sm font-medium text-slate-700"[39
m
          [36m>[39m
            [0mFilter by Category[0m
          [36m</label>[39m
          [36m<input[39m
            [33mclass[39m=[32m"mt-1.5 w-full rounded-lg border border-slate-
300 px-3 py-2 text-sm focus:border-blue-500 focus:outline-none focus:ring-2 foc
us:ring-blue-500/20"[39m
            [33mplaceholder[39m=[32m"Enter category..."[39m
            [33mtype[39m=[32m"text"[39m
            [33mvalue[39m=[32m""[39m
          [36m/>[39m
        [36m</div>[39m
      [36m</div>[39m
      [36m<div[39m
        [33mclass[39m=[32m"overflow-hidden rounded-xl border border-slate-20
0 bg-white shadow-sm"[39m
      [36m>[39m
        [36m<table[39m
          [33mclass[39m=[32m"w-full"[39m
        [36m>[39m
          [36m<thead[39m
            [33mclass[39m=[32m"border-b border-slate-200 bg-slate-50"[39m
          [36m>[39m
            [36m<tr>[39m
              [36m<th[39m
                [33mclass[39m=[32m"px-6 py-3 text-left text-xs font-semibold
 uppercase tracking-wider text-slate-600"[39m
              [36m>[39m
                [0mTitle[0m
              [36m</th>[39m
              [36m<th[39m
                [33mclass[39m=[32m"px-6 py-3 text-left text-xs font-semibold
 uppercase tracking-wider text-slate-600"[39m
              [36m>[39m
                [0mCategory[0m
              [36m</th>[39m
              [36m<th[39m
                [33mclass[39m=[32m"px-6 py-3 text-left text-xs font-semibold
 uppercase tracking-wider text-slate-600"[39m
              [36m>[39m
                [0mStatus[0m
              [36m</th>[39m
              [36m<th[39m
                [33mclass[39m=[32m"px-6 py-3 text-left text-xs font-semibold
 uppercase tracking-wider text-slate-600"[39m
              [36m>[39m
                [0mSubmitter[0m
              [36m</th>[39m
              [36m<th[39m
                [33mclass[39m=[32m"px-6 py-3 text-left text-xs font-semibold
 uppercase tracking-wider text-slate-600"[39m
              [36m>[39m
                [0mDate[0m
              [36m</th>[39m
              [36m<th[39m
                [33mclass[39m=[32m"px-6 py-3 text-left text-xs font-semibold
 uppercase tracking-wider text-slate-600"[39m
              [36m>[39m
                [0mComments[0m
              [36m</th>[39m
            [36m</tr>[39m
          [36m</thead>[39m
          [36m<tbody[39m
            [33mclass[39m=[32m"divide-y divide-slate-200"[39m
          [36m>[39m
            [36m<tr[39m
              [33mclass[39m=[32m"cursor-pointer transition-colors hover:bg-s
late-50"[39m
            [36m>[39m
              [36m<td[39m
                [33mclass[39m=[32m"px-6 py-4"[39m
              [36m>[39m
                [36m<div[39m
                  [33mclass[39m=[32m"flex items-center gap-2"[39m
                [36m>[39m
                  [36m<p[39m
                    [33mclass[39m=[32m"font-medium text-slate-900"[39m
                  [36m>[39m
                    [0mRemote Work Policy Enhancement[0m
                  [36m</p>[39m
                  [36m<span[39m
                    [33mclass[39m=[32m"text-slate-400"[39m
                    [33mtitle[39m=[32m"Has attachment"[39m
                  [36m>[39m
                    [0m­şôÄ[0m
                  [36m</span>[39m
                [36m</div>[39m
              [36m</td>[39m
              [36m<td[39m
                [33mclass[39m=[32m"px-6 py-4 text-sm text-slate-600"[39m
              [36m>[39m
                [0mHR[0m
              [36m</td>[39m
              [36m<td[39m
                [33mclass[39m=[32m"px-6 py-4"[39m
              [36m>[39m
                [36m<span[39m
                  [33mclass[39m=[32m"inline-flex rounded-full px-2.5 py-1 te
xt-xs font-semibold bg-yellow-100 text-yellow-800"[39m
                [36m>[39m
                  [0mUnder Review[0m
                [36m</span>[39m
              [36m</td>[39m
              [36m<td[39m
                [33mclass[39m=[32m"px-6 py-4 text-sm text-slate-600"[39m
              [36m>[39m
                [0malice@example.com[0m
              [36m</td>[39m
              [36m<td[39m
                [33mclass[39m=[32m"px-6 py-4 text-sm text-slate-600"[39m
              [36m>[39m
                [0mFeb 20, 2026[0m
              [36m</td>[39m
              [36m<td[39m
                [33mclass[39m=[32m"px-6 py-4 text-sm text-slate-600"[39m
              [36m>[39m
                [36m<span[39m
                  [33mclass[39m=[32m"flex items-center gap-1"[39m
                [36m>[39m
                  [0m­şÆ¼ [0m
                  [0m2[0m
                [36m</span>[39m
              [36m</td>[39m
            [36m</tr>[39m
            [36m<tr[39m
              [33mclass[39m=[32m"cursor-pointer transition-colors hover:bg-s
late-50"[39m
            [36m>[39m
              [36m<td[39m
                [33mclass[39m=[32m"px-6 py-4"[39m
              [36m>[39m
                [36m<div[39m
                  [33mclass[39m=[32m"flex items-center gap-2"[39m
                [36m>[39m
                  [36m<p[39m
                    [33mclass[39m=[32m"font-medium text-slate-900"[39m
                  [36m>[39m
                    [0mSustainable Packaging Initiative[0m
                  [36m</p>[39m
                [36m</div>[39m
              [36m</td>[39m
              [36m<td[39m
                [33mclass[39m=[32m"px-6 py-4 text-sm text-slate-600"[39m
              [36m>[39m
                [0mSustainability[0m
              [36m</td>[39m
              [36m<td[39m
                [33mclass[39m=[32m"px-6 py-4"[39m
              [36m>[39m
                [36m<span[39m
                  [33mclass[39m=[32m"inline-flex rounded-full px-2.5 py-1 te
xt-xs font-semibold bg-blue-100 text-blue-800"[39m
                [36m>[39m
                  [0mSubmitted[0m
                [36m</span>[39m
              [36m</td>[39m
              [36m<td[39m
                [33mclass[39m=[32m"px-6 py-4 text-sm text-slate-600"[39m
              [36m>[39m
                [0mbob@example.com[0m
              [36m</td>[39m
              [36m<td[39m
                [33mclass[39m=[32m"px-6 py-4 text-sm text-slate-600"[39m
              [36m>[39m
                [0mFeb 22, 2026[0m
              [36m</td>[39m
              [36m<td[39m
                [33mclass[39m=[32m"px-6 py-4 text-sm text-slate-600"[39m
              [36m>[39m
                [36m<span[39m
                  [33mclass[39m=[32m"text-slate-400"[39m
                [36m>[39m
                  [0mÔÇö[0m
                [36m</span>[39m
              [36m</td>[39m
            [36m</tr>[39m
            [36m<tr[39m
              [33mclass[39m=[32m"cursor-pointer transition-colors hover:bg-s
late-50"[39m
            [36m>[39m
              [36m<td[39m
                [33mclass[39m=[32m"px-6 py-4"[39m
              [36m>[39m
                [36m<div[39m
                  [33mclass[39m=[32m"flex items-center gap-2"[39m
                [36m>[39m
                  [36m<p[39m
                    [33mclass[39m=[32m"font-medium text-slate-900"[39m
                  [36m>[39m
                    [0mCustomer Portal Redesign[0m
                  [36m</p>[39m
                  [36m<span[39m
                    [33mclass[39m=[32m"text-slate-400"[39m
                    [33mtitle[39m=[32m"Has attachment"[39m
                  [36m>[39m
                    [0m­şôÄ[0m
                  [36m</span>[39m
                [36m</div>[39m
              [36m</td>[39m
              [36m<td[39m
                [33mclass[39m=[32m"px-6 py-4 text-sm text-slate-600"[39m
              [36m>[39m
                [0mTechnology[0m
              [36m</td>[39m
              [36m<td[39m
                [33mclass[39m=[32m"px-6 py-4"[39m
              [36m>[39m
                [36m<span[39m
                  [33mclass[39m=[32m"inline-flex rounded-full px-2.5 py-1 te
xt-xs font-semibold bg-green-100 text-green-800"[39m
                [36m>[39m
                  [0mAccepted[0m
                [36m</span>[39m
              [36m</td>[39m
              [36m<td[39m
                [33mclass[39m=[32m"px-6 py-4 text-sm text-slate-600"[39m
              [36m>[39m
                [0mcharlie@example.com[0m
              [36m</td>[39m
              [36m<td[39m
                [33mclass[39m=[32m"px-6 py-4 text-sm text-slate-600"[39m
              [36m>[39m
                [0mFeb 15, 2026[0m
              [36m</td>[39m
              [36m<td[39m
                [33mclass[39m=[32m"px-6 py-4 text-sm text-slate-600"[39m
              [36m>[39m
                [36m<span[39m
                  [33mclass[39m=[32m"flex items-center gap-1"[39m
                [36m>[39m
                  [0m­şÆ¼ [0m
                  [0m5[0m

[2m Test Files [22m [1m[31m3 failed[39m[22m[2m | [22m[1m[32m14 passed[39m[22m[90m (17)[39m
[2m      Tests [22m [1m[31m8 failed[39m[22m[2m | [22m[1m[32m145 passed[39m[22m[90m (153)[39m
[2m     Errors [22m [1m[31m1 error[39m[22m
[2m   Start at [22m 05:19:48
[2m   Duration [22m 19.34s[2m (transform 1.41s, setup 18.74s, import 5.57s, tests 29.71s, environment 45.38s)[22m

                [36m</span>[39m
              [36m</td>[39m
            [36m</tr>[39m
          [36m</tbody>[39m
        [36m</table>[39m
      [36m</div>[39m
    [36m</div>[39m
  [36m</div>[39m
[36m</body>[39m
[90m [2mÔØ»[22m Object.getElementError node_modules/@testing-library/dom/dis
t/config.js:[2m37:19[22m[39m
[90m [2mÔØ»[22m getAllByLabelText node_modules/@testing-library/dom/dist/que
ries/label-text.js:[2m108:40[22m[39m
[90m [2mÔØ»[22m node_modules/@testing-library/dom/dist/query-helpers.js:[2m
52:17[22m[39m
[90m [2mÔØ»[22m node_modules/@testing-library/dom/dist/query-helpers.js:[2m
95:19[22m[39m
[36m [2mÔØ»[22m src/test/IdeaListing.test.jsx:[2m77:35[22m[39m
    [90m 75| [39m    }[33m,[39m { timeout[33m:[39m [34m3000[39m })[33m
;[39m
    [90m 76| [39m
    [90m 77| [39m    const categoryFilter = screen.getByLabelText(/filter by 
category/iÔÇĞ
    [90m   | [39m                                  [31m^[39m
    [90m 78| [39m    [35mawait[39m user[33m.[39m[34mtype[39m(categoryFi
lter[33m,[39m [32m'Sustainability'[39m)[33m;[39m
    [90m 79| [39m

[31m[2mÔÄ»ÔÄ»ÔÄ»ÔÄ»ÔÄ»ÔÄ»ÔÄ»ÔÄ»ÔÄ»ÔÄ»ÔÄ»ÔÄ»ÔÄ»ÔÄ»ÔÄ»ÔÄ»ÔÄ»ÔÄ»ÔÄ»ÔÄ»ÔÄ»ÔÄ»ÔÄ»Ô
Ä»[7/8]ÔÄ»[22m[39m

[41m[1m FAIL [22m[49m src/test/ideaService.test.js[2m > [22mideaService[
2m > [22mdownloadAttachment[2m > [22mshould download attachment
[31m[1mError[22m: Test timed out in 5000ms.
If this is a long-running test, pass a timeout value as the last argument or co
nfigure it globally with "testTimeout".[39m
[36m [2mÔØ»[22m src/test/ideaService.test.js:[2m183:7[22m[39m
    [90m181| [39m
    [90m182| [39m  [34mdescribe[39m([32m'downloadAttachment'[39m[33m,[3
9m () [33m=>[39m {
    [90m183| [39m    [34mit[39m([32m'should download attachment'[39m[33m
,[39m [35masync[39m () [33m=>[39m {
    [90m   | [39m      [31m^[39m
    [90m184| [39m      [90m// Mock the URL.createObjectURL to return a mock 
URL[39m
    [90m185| [39m      const createObjectURLSpy = vi.spyOn(URL, 'createObject
URL').mockÔÇĞ

[31m[2mÔÄ»ÔÄ»ÔÄ»ÔÄ»ÔÄ»ÔÄ»ÔÄ»ÔÄ»ÔÄ»ÔÄ»ÔÄ»ÔÄ»ÔÄ»ÔÄ»ÔÄ»ÔÄ»ÔÄ»ÔÄ»ÔÄ»ÔÄ»ÔÄ»ÔÄ»ÔÄ»Ô
Ä»[8/8]ÔÄ»[22m[39m

[31mÔÄ»ÔÄ»ÔÄ»ÔÄ»ÔÄ»ÔÄ»[39m[1m[41m Unhandled Errors [49m[22m[31mÔÄ»ÔÄ»ÔÄ»
ÔÄ»ÔÄ»ÔÄ»[39m
[31m[1m
Vitest caught 1 unhandled error during the test run.
This might cause false positive tests. Resolve unhandled errors to make sure yo
ur tests are not affected.[22m[39m

[31mÔÄ»ÔÄ»ÔÄ»ÔÄ»[39m[1m[41m Unhandled Rejection [49m[22m[31mÔÄ»ÔÄ»ÔÄ»ÔÄ»
ÔÄ»[39m
[31m[1mTypeError[22m: object.stream is not a function[39m
[90m [2mÔØ»[22m extractBody node:internal/deps/undici/undici:[2m5478:25[22
m[39m
[90m [2mÔØ»[22m new Response node:internal/deps/undici/undici:[2m9109:41[2
2m[39m
[90m [2mÔØ»[22m new FetchResponse ../../../Masa%C3%BCst%C3%BC/InnovatEPAM/fr
ontend/node_modules/@mswjs/interceptors/lib/node/fetchUtils-CoU35g3M.mjs:[2m33
4:3[22m[39m
[90m [2mÔØ»[22m createResponse ../../../Masa%C3%BCst%C3%BC/InnovatEPAM/front
end/node_modules/@mswjs/interceptors/lib/node/XMLHttpRequest-C8dIZpds.mjs:[2m1
97:9[22m[39m
[90m [2mÔØ»[22m Proxy.<anonymous> ../../../Masa%C3%BCst%C3%BC/InnovatEPAM/fr
ontend/node_modules/@mswjs/interceptors/lib/node/XMLHttpRequest-C8dIZpds.mjs:[
2m296:31[22m[39m
[90m [2mÔØ»[22m ../../../Masa%C3%BCst%C3%BC/InnovatEPAM/frontend/node_module
s/@mswjs/interceptors/lib/node/XMLHttpRequest-C8dIZpds.mjs:[2m605:45[22m[39m
[90m [2mÔØ»[22m XMLHttpRequestController.trigger ../../../Masa%C3%BCst%C3%BC
/InnovatEPAM/frontend/node_modules/@mswjs/interceptors/lib/node/XMLHttpRequest-
C8dIZpds.mjs:[2m605:14[22m[39m
[90m [2mÔØ»[22m finalizeResponse ../../../Masa%C3%BCst%C3%BC/InnovatEPAM/fro
ntend/node_modules/@mswjs/interceptors/lib/node/XMLHttpRequest-C8dIZpds.mjs:[2
m479:9[22m[39m
[90m [2mÔØ»[22m readNextResponseBodyChunk ../../../Masa%C3%BCst%C3%BC/Innova
tEPAM/frontend/node_modules/@mswjs/interceptors/lib/node/XMLHttpRequest-C8dIZpd
s.mjs:[2m495:6[22m[39m

[31mThis error originated in "[1msrc/test/ideaService.test.js[22m" test file
. It doesn't mean the error was thrown inside the file itself, but while it was
 running.[39m
[31mThe latest test that might've caused the error is "[1mshould download att
achment[22m". It might mean one of the following:
- The error was thrown, while Vitest was running this test.
- If the error occurred after the test had been completed, this was the last do
cumented test before it was thrown.[39m
[31mÔÄ»ÔÄ»ÔÄ»ÔÄ»ÔÄ»ÔÄ»ÔÄ»ÔÄ»ÔÄ»ÔÄ»ÔÄ»ÔÄ»ÔÄ»ÔÄ»ÔÄ»ÔÄ»ÔÄ»ÔÄ»ÔÄ»ÔÄ»ÔÄ»ÔÄ»ÔÄ»ÔÄ»ÔÄ
»ÔÄ»ÔÄ»ÔÄ»ÔÄ»ÔÄ»[39m

[1m[41m FAIL [49m[22m [31mTests failed. Watching for file changes...[39m
       [2mpress [22m[1mh[22m[2m to show help[22m[2m, [22m[2mpress [22m[1mq[22m[2m to quit[22m
[31mCancelling test run. Press CTRL+c again to exit forcefully.
[39m
